Component: Arm Compiler for Embedded 6.22 Tool: armlink [5ee90200]

==============================================================================

Section Cross References

    startup.o(STACK) refers (Special) to heapauxi.o(.text) for __use_two_region_memory
    startup.o(HEAP) refers (Special) to heapauxi.o(.text) for __use_two_region_memory
    startup.o(RESET) refers (Special) to heapauxi.o(.text) for __use_two_region_memory
    startup.o(RESET) refers to startup.o(STACK) for StackMem
    startup.o(RESET) refers to spaceinvaders.o(.text.GPIOPortE_Handler) for GPIOPortE_Handler
    startup.o(RESET) refers to spaceinvaders.o(.text.Timer1A_Handler) for Timer1A_Handler
    startup.o(RESET) refers to wave.o(.text.Timer2A_Handler) for Timer2A_Handler
    startup.o(RESET) refers to texas.o(.text.Timer5A_Handler) for Timer5A_Handler
    startup.o(RESET) refers to __main.o(!!!main) for __main
    startup.o(.text) refers (Special) to heapauxi.o(.text) for __use_two_region_memory
    startup.o(.text) refers to startup.o(HEAP) for HeapMem
    startup.o(.text) refers to startup.o(STACK) for StackMem
    random.o(.text) refers to random.o(DATA) for M
    timer0.o(.ARM.exidx.text.Timer0_Init) refers to timer0.o(.text.Timer0_Init) for [Anonymous Symbol]
    timer1.o(.ARM.exidx.text.Timer1_Init) refers to timer1.o(.text.Timer1_Init) for [Anonymous Symbol]
    spaceinvaders.o(.text.maingame) refers to startup.o(.text) for DisableInterrupts
    spaceinvaders.o(.text.maingame) refers to texas.o(.text.TExaS_Init) for TExaS_Init
    spaceinvaders.o(.text.maingame) refers to random.o(.text) for Random_Init
    spaceinvaders.o(.text.maingame) refers to spaceinvaders.o(.text.PortF_Init) for PortF_Init
    spaceinvaders.o(.text.maingame) refers to spaceinvaders.o(.text.PortE_Init) for PortE_Init
    spaceinvaders.o(.text.maingame) refers to wave.o(.text.Wave_Init) for Wave_Init
    spaceinvaders.o(.text.maingame) refers to spaceinvaders.o(.text.buttons_game_init) for buttons_game_init
    spaceinvaders.o(.text.maingame) refers to adc.o(.text.ADC_Init) for ADC_Init
    spaceinvaders.o(.text.maingame) refers to st7735.o(.text.Output_Init) for Output_Init
    spaceinvaders.o(.text.maingame) refers to st7735.o(.text.ST7735_FillScreen) for ST7735_FillScreen
    spaceinvaders.o(.text.maingame) refers to spaceinvaders.o(.text.GameInit) for GameInit
    spaceinvaders.o(.text.maingame) refers to timer1.o(.text.Timer1_Init) for Timer1_Init
    spaceinvaders.o(.text.maingame) refers to spaceinvaders.o(.bss.GameLost) for GameLost
    spaceinvaders.o(.text.maingame) refers to spaceinvaders.o(.bss.GameWon) for GameWon
    spaceinvaders.o(.text.maingame) refers to spaceinvaders.o(.bss.GameFlag) for GameFlag
    spaceinvaders.o(.text.maingame) refers to spaceinvaders.o(.text.GameDraw) for GameDraw
    spaceinvaders.o(.text.maingame) refers to st7735.o(.text.ST7735_SetCursor) for ST7735_SetCursor
    spaceinvaders.o(.text.maingame) refers to spaceinvaders.o(.rodata.Game_Lost_English) for Game_Lost_English
    spaceinvaders.o(.text.maingame) refers to st7735.o(.text.ST7735_OutString) for ST7735_OutString
    spaceinvaders.o(.text.maingame) refers to spaceinvaders.o(.rodata.Game_Won_English) for Game_Won_English
    spaceinvaders.o(.ARM.exidx.text.maingame) refers to spaceinvaders.o(.text.maingame) for [Anonymous Symbol]
    spaceinvaders.o(.ARM.exidx.text.PortF_Init) refers to spaceinvaders.o(.text.PortF_Init) for [Anonymous Symbol]
    spaceinvaders.o(.ARM.exidx.text.PortE_Init) refers to spaceinvaders.o(.text.PortE_Init) for [Anonymous Symbol]
    spaceinvaders.o(.ARM.exidx.text.buttons_game_init) refers to spaceinvaders.o(.text.buttons_game_init) for [Anonymous Symbol]
    spaceinvaders.o(.text.GameInit) refers to st7735.o(.text.ST7735_SetCursor) for ST7735_SetCursor
    spaceinvaders.o(.text.GameInit) refers to spaceinvaders.o(.rodata.Points_English) for Points_English
    spaceinvaders.o(.text.GameInit) refers to st7735.o(.text.ST7735_OutString) for ST7735_OutString
    spaceinvaders.o(.text.GameInit) refers to spaceinvaders.o(.bss.Player_Pts) for Player_Pts
    spaceinvaders.o(.text.GameInit) refers to st7735.o(.text.ST7735_OutUDec) for ST7735_OutUDec
    spaceinvaders.o(.text.GameInit) refers to spaceinvaders.o(.rodata.str1.1) for .L.str
    spaceinvaders.o(.text.GameInit) refers to images.o(.rodata.Heart) for Heart
    spaceinvaders.o(.text.GameInit) refers to st7735.o(.text.ST7735_DrawBitmap) for ST7735_DrawBitmap
    spaceinvaders.o(.text.GameInit) refers to player.o(.text.Player_Init) for Player_Init
    spaceinvaders.o(.text.GameInit) refers to enemy.o(.text.Enemies_Init) for Enemies_Init
    spaceinvaders.o(.ARM.exidx.text.GameInit) refers to spaceinvaders.o(.text.GameInit) for [Anonymous Symbol]
    spaceinvaders.o(.text.GameDraw) refers to spaceinvaders.o(.bss.update_pts) for update_pts
[...]
    sys_wrch_hlt.o(.text) refers (Special) to indicate_semi.o(.text) for __semihosting_library_function
    defsig.o(CL$$defsig) refers to defsig_rtmem_inner.o(.text) for __rt_SIGRTMEM_inner
    defsig_abrt_inner.o(.text) refers to defsig_general.o(.text) for __default_signal_display
    defsig_fpe_inner.o(.text) refers to defsig_general.o(.text) for __default_signal_display
    defsig_rtred_inner.o(.text) refers to defsig_general.o(.text) for __default_signal_display
    defsig_stak_inner.o(.text) refers to defsig_general.o(.text) for __default_signal_display
    defsig_pvfn_inner.o(.text) refers to defsig_general.o(.text) for __default_signal_display
    defsig_cppl_inner.o(.text) refers to defsig_general.o(.text) for __default_signal_display
    defsig_segv_inner.o(.text) refers to defsig_general.o(.text) for __default_signal_display
    defsig_other.o(.text) refers to defsig_general.o(.text) for __default_signal_display


==============================================================================

Removing Unused input sections from the image.

    Removing random.o(DATA), (4 bytes).
    Removing random.o(.text), (60 bytes).
    Removing timer0.o(.text), (0 bytes).
    Removing timer0.o(.text.Timer0_Init), (136 bytes).
    Removing timer0.o(.ARM.exidx.text.Timer0_Init), (8 bytes).
    Removing timer1.o(.text), (0 bytes).
    Removing timer1.o(.text.Timer1_Init), (150 bytes).
    Removing timer1.o(.ARM.exidx.text.Timer1_Init), (8 bytes).
    Removing spaceinvaders.o(.text), (0 bytes).
    Removing spaceinvaders.o(.text.maingame), (242 bytes).
    Removing spaceinvaders.o(.ARM.exidx.text.maingame), (8 bytes).
    Removing spaceinvaders.o(.text.PortF_Init), (74 bytes).
    Removing spaceinvaders.o(.ARM.exidx.text.PortF_Init), (8 bytes).
    Removing spaceinvaders.o(.ARM.exidx.text.PortE_Init), (8 bytes).
    Removing spaceinvaders.o(.text.buttons_game_init), (116 bytes).
    Removing spaceinvaders.o(.ARM.exidx.text.buttons_game_init), (8 bytes).
    Removing spaceinvaders.o(.text.GameInit), (94 bytes).
    Removing spaceinvaders.o(.ARM.exidx.text.GameInit), (8 bytes).
    Removing spaceinvaders.o(.text.GameDraw), (528 bytes).
    Removing spaceinvaders.o(.ARM.exidx.text.GameDraw), (8 bytes).
    Removing spaceinvaders.o(.ARM.exidx.text.main), (8 bytes).
    Removing spaceinvaders.o(.ARM.exidx.text.Delay100ms), (8 bytes).
    Removing spaceinvaders.o(.ARM.exidx.text.display_title), (8 bytes).
    Removing spaceinvaders.o(.ARM.exidx.text.switch_lang), (8 bytes).
    Removing spaceinvaders.o(.ARM.exidx.text.display_intro), (8 bytes).
    Removing spaceinvaders.o(.ARM.exidx.text.GameMove), (8 bytes).
    Removing spaceinvaders.o(.ARM.exidx.text.Timer1A_Handler), (8 bytes).
    Removing spaceinvaders.o(.ARM.exidx.text.GPIOPortE_Handler), (8 bytes).
    Removing spaceinvaders.o(.rodata.Game_Lost_English), (10 bytes).
    Removing spaceinvaders.o(.rodata.Game_Lost_Spanish), (11 bytes).
    Removing spaceinvaders.o(.rodata.Game_Won_English), (9 bytes).
    Removing spaceinvaders.o(.rodata.Game_Won_Spanish), (10 bytes).
    Removing spaceinvaders.o(.rodata.Points_English), (8 bytes).
    Removing spaceinvaders.o(.rodata.Points_Spanish), (8 bytes).
    Removing spaceinvaders.o(.rodata.str1.1), (7 bytes).
    Removing spaceinvaders.o(.ARM.use_no_argv), (4 bytes).
    Removing texas.o(.text), (0 bytes).
    Removing texas.o(.ARM.exidx.text.Scope), (8 bytes).
    Removing texas.o(.ARM.exidx.text.LogicAnalyzerA), (8 bytes).
    Removing texas.o(.ARM.exidx.text.LogicAnalyzerB), (8 bytes).
    Removing texas.o(.ARM.exidx.text.LogicAnalyzerC), (8 bytes).
    Removing texas.o(.ARM.exidx.text.LogicAnalyzerE), (8 bytes).
    Removing texas.o(.ARM.exidx.text.LogicAnalyzerF), (8 bytes).
    Removing texas.o(.ARM.exidx.text.PeriodicTask2_Init), (8 bytes).
    Removing texas.o(.ARM.exidx.text.Timer5A_Handler), (8 bytes).
    Removing texas.o(.text.PeriodicTask2_Stop), (48 bytes).
    Removing texas.o(.ARM.exidx.text.PeriodicTask2_Stop), (8 bytes).
    Removing texas.o(.ARM.exidx.text.UART0_Init), (8 bytes).
    Removing texas.o(.text.UART0_InChar), (36 bytes).
    Removing texas.o(.ARM.exidx.text.UART0_InChar), (8 bytes).
    Removing texas.o(.text.UART0_OutChar), (46 bytes).
    Removing texas.o(.ARM.exidx.text.UART0_OutChar), (8 bytes).
    Removing texas.o(.text.UART0_OutString), (36 bytes).
    Removing texas.o(.ARM.exidx.text.UART0_OutString), (8 bytes).
    Removing texas.o(.ARM.exidx.text.ADC1_Init), (8 bytes).
    Removing texas.o(.ARM.exidx.text.TExaS_Init), (8 bytes).
    Removing texas.o(.text.TExaS_Stop), (8 bytes).
    Removing texas.o(.ARM.exidx.text.TExaS_Stop), (8 bytes).
    Removing adc.o(.text), (0 bytes).
    Removing adc.o(.text.ADC_Init), (286 bytes).
    Removing adc.o(.ARM.exidx.text.ADC_Init), (8 bytes).
    Removing adc.o(.ARM.exidx.text.ADC_In), (8 bytes).
    Removing dac.o(.text), (0 bytes).
    Removing dac.o(.text.DAC_Init), (88 bytes).
    Removing dac.o(.ARM.exidx.text.DAC_Init), (8 bytes).
    Removing dac.o(.ARM.exidx.text.DAC_Out), (8 bytes).
    Removing pll.o(.text), (0 bytes).
    Removing pll.o(.ARM.exidx.text.PLL_Init), (8 bytes).
    Removing st7735.o(.text), (0 bytes).
    Removing st7735.o(.ARM.exidx.text.writecommand), (8 bytes).
    Removing st7735.o(.ARM.exidx.text.writedata), (8 bytes).
    Removing st7735.o(.ARM.exidx.text.Delay1ms), (8 bytes).
    Removing st7735.o(.text.ST7735_InitB), (50 bytes).
    Removing st7735.o(.ARM.exidx.text.ST7735_InitB), (8 bytes).
    Removing st7735.o(.ARM.exidx.text.commonInit), (8 bytes).
    Removing st7735.o(.ARM.exidx.text.ST7735_SetCursor), (8 bytes).
    Removing st7735.o(.ARM.exidx.text.ST7735_FillScreen), (8 bytes).
    Removing st7735.o(.ARM.exidx.text.ST7735_InitR), (8 bytes).
    Removing st7735.o(.ARM.exidx.text.commandList), (8 bytes).
    Removing st7735.o(.ARM.exidx.text.ST7735_DrawPixel), (8 bytes).
    Removing st7735.o(.ARM.exidx.text.setAddrWindow), (8 bytes).
    Removing st7735.o(.ARM.exidx.text.pushColor), (8 bytes).
    Removing st7735.o(.text.ST7735_DrawFastVLine), (198 bytes).
    Removing st7735.o(.ARM.exidx.text.ST7735_DrawFastVLine), (8 bytes).
    Removing st7735.o(.text.ST7735_DrawFastHLine), (198 bytes).
    Removing st7735.o(.ARM.exidx.text.ST7735_DrawFastHLine), (8 bytes).
    Removing st7735.o(.ARM.exidx.text.ST7735_FillRect), (8 bytes).
    Removing st7735.o(.text.ST7735_DrawSmallCircle), (218 bytes).
    Removing st7735.o(.ARM.exidx.text.ST7735_DrawSmallCircle), (8 bytes).
    Removing st7735.o(.text.deselect), (36 bytes).
    Removing st7735.o(.ARM.exidx.text.deselect), (8 bytes).
    Removing st7735.o(.text.ST7735_DrawCircle), (218 bytes).
    Removing st7735.o(.ARM.exidx.text.ST7735_DrawCircle), (8 bytes).
    Removing st7735.o(.text.ST7735_Color565), (48 bytes).
    Removing st7735.o(.ARM.exidx.text.ST7735_Color565), (8 bytes).
    Removing st7735.o(.text.ST7735_SwapColor), (28 bytes).
    Removing st7735.o(.ARM.exidx.text.ST7735_SwapColor), (8 bytes).
    Removing st7735.o(.text.ST7735_DrawBitmap), (588 bytes).
    Removing st7735.o(.ARM.exidx.text.ST7735_DrawBitmap), (8 bytes).
    Removing st7735.o(.ARM.exidx.text.ST7735_DrawCharS), (8 bytes).
    Removing st7735.o(.text.ST7735_DrawChar), (428 bytes).
    Removing st7735.o(.ARM.exidx.text.ST7735_DrawChar), (8 bytes).
    Removing st7735.o(.ARM.exidx.text.ST7735_DrawString), (8 bytes).
    Removing st7735.o(.text.ST7735_OutUDec), (184 bytes).
    Removing st7735.o(.ARM.exidx.text.ST7735_OutUDec), (8 bytes).
    Removing st7735.o(.text.ST7735_OutFix), (184 bytes).
    Removing st7735.o(.ARM.exidx.text.ST7735_OutFix), (8 bytes).
    Removing st7735.o(.text.ST7735_SetRotation), (290 bytes).
    Removing st7735.o(.ARM.exidx.text.ST7735_SetRotation), (8 bytes).
    Removing st7735.o(.text.ST7735_InvertDisplay), (32 bytes).
    Removing st7735.o(.ARM.exidx.text.ST7735_InvertDisplay), (8 bytes).
    Removing st7735.o(.text.ST7735_PlotClear), (144 bytes).
    Removing st7735.o(.ARM.exidx.text.ST7735_PlotClear), (8 bytes).
    Removing st7735.o(.text.ST7735_PlotPoint), (222 bytes).
    Removing st7735.o(.ARM.exidx.text.ST7735_PlotPoint), (8 bytes).
    Removing st7735.o(.text.ST7735_PlotLine), (462 bytes).
    Removing st7735.o(.ARM.exidx.text.ST7735_PlotLine), (8 bytes).
    Removing st7735.o(.text.ST7735_PlotPoints), (314 bytes).
    Removing st7735.o(.ARM.exidx.text.ST7735_PlotPoints), (8 bytes).
    Removing st7735.o(.text.ST7735_PlotBar), (138 bytes).
    Removing st7735.o(.ARM.exidx.text.ST7735_PlotBar), (8 bytes).
    Removing st7735.o(.text.ST7735_PlotdBfs), (96 bytes).
    Removing st7735.o(.ARM.exidx.text.ST7735_PlotdBfs), (8 bytes).
    Removing st7735.o(.text.ST7735_PlotNext), (48 bytes).
    Removing st7735.o(.ARM.exidx.text.ST7735_PlotNext), (8 bytes).
    Removing st7735.o(.text.ST7735_PlotNextErase), (90 bytes).
    Removing st7735.o(.ARM.exidx.text.ST7735_PlotNextErase), (8 bytes).
    Removing st7735.o(.ARM.exidx.text.ST7735_OutChar), (8 bytes).
    Removing st7735.o(.ARM.exidx.text.ST7735_OutString), (8 bytes).
    Removing st7735.o(.text.ST7735_SetTextColor), (24 bytes).
    Removing st7735.o(.ARM.exidx.text.ST7735_SetTextColor), (8 bytes).
    Removing st7735.o(.text.fputc), (22 bytes).
    Removing st7735.o(.ARM.exidx.text.fputc), (8 bytes).
    Removing st7735.o(.text.fgetc), (10 bytes).
    Removing st7735.o(.ARM.exidx.text.fgetc), (8 bytes).
    Removing st7735.o(.text.ferror), (12 bytes).
    Removing st7735.o(.ARM.exidx.text.ferror), (8 bytes).
    Removing st7735.o(.ARM.exidx.text.Output_Init), (8 bytes).
    Removing st7735.o(.text.Output_Clear), (10 bytes).
    Removing st7735.o(.ARM.exidx.text.Output_Clear), (8 bytes).
    Removing st7735.o(.text.Output_Off), (8 bytes).
    Removing st7735.o(.ARM.exidx.text.Output_Off), (8 bytes).
    Removing st7735.o(.text.Output_On), (8 bytes).
    Removing st7735.o(.ARM.exidx.text.Output_On), (8 bytes).
    Removing st7735.o(.text.Output_Color), (18 bytes).
    Removing st7735.o(.ARM.exidx.text.Output_Color), (8 bytes).
    Removing st7735.o(.rodata.Bcmd), (103 bytes).
    Removing st7735.o(.rodata.smallCircle), (36 bytes).
    Removing st7735.o(.rodata.circle), (60 bytes).
    Removing st7735.o(.bss.Message), (12 bytes).
    Removing st7735.o(.bss.Rotation), (1 bytes).
    Removing st7735.o(.bss.Ymax), (4 bytes).
    Removing st7735.o(.bss.Ymin), (4 bytes).
    Removing st7735.o(.bss.Yrange), (4 bytes).
    Removing st7735.o(.bss.X), (4 bytes).
    Removing st7735.o(.bss.lastj), (4 bytes).
    Removing st7735.o(.rodata.dBfs), (512 bytes).
    Removing st7735.o(.bss.Messageindex), (4 bytes).
    Removing stringconversion.o(.text), (168 bytes).
    Removing wave.o(.text), (0 bytes).
    Removing wave.o(.text.Timer2A_Init), (136 bytes).
    Removing wave.o(.ARM.exidx.text.Timer2A_Init), (8 bytes).
    Removing wave.o(.ARM.exidx.text.Timer2A_Start), (8 bytes).
    Removing wave.o(.ARM.exidx.text.Wave_Stop), (8 bytes).
    Removing wave.o(.text.Wave_Init), (22 bytes).
    Removing wave.o(.ARM.exidx.text.Wave_Init), (8 bytes).
    Removing wave.o(.ARM.exidx.text.Timer2A_Handler), (8 bytes).
    Removing wave.o(.ARM.exidx.text.Wave_Start), (8 bytes).
    Removing wave.o(.ARM.exidx.text.Wave_Shoot), (8 bytes).
    Removing wave.o(.text.Wave_Killed), (20 bytes).
    Removing wave.o(.ARM.exidx.text.Wave_Killed), (8 bytes).
    Removing wave.o(.text.Wave_Explosion), (20 bytes).
    Removing wave.o(.ARM.exidx.text.Wave_Explosion), (8 bytes).
    Removing wave.o(.text.Wave_Highpitch), (20 bytes).
    Removing wave.o(.ARM.exidx.text.Wave_Highpitch), (8 bytes).
    Removing wave.o(.rodata.invaderkilled), (3377 bytes).
    Removing wave.o(.rodata.explosion), (2000 bytes).
    Removing wave.o(.rodata.highpitch), (1802 bytes).
    Removing wave.o(.rodata.fastinvader1), (982 bytes).
    Removing wave.o(.rodata.fastinvader2), (1042 bytes).
    Removing wave.o(.rodata.fastinvader3), (1054 bytes).
    Removing wave.o(.rodata.fastinvader4), (1098 bytes).
    Removing sprite.o(.text), (0 bytes).
    Removing sprite.o(.text.Sprite_Init), (92 bytes).
    Removing sprite.o(.ARM.exidx.text.Sprite_Init), (8 bytes).
    Removing sprite.o(.ARM.exidx.text.Sprite_Move), (8 bytes).
    Removing sprite.o(.ARM.exidx.text.Sprite_Overlap), (8 bytes).
    Removing player.o(.text), (0 bytes).
    Removing player.o(.ARM.exidx.text.Convert), (8 bytes).
    Removing player.o(.text.Player_Init), (124 bytes).
    Removing player.o(.ARM.exidx.text.Player_Init), (8 bytes).
    Removing player.o(.ARM.exidx.text.Player_Move), (8 bytes).
    Removing player.o(.ARM.exidx.text.Player_Shoot), (8 bytes).
    Removing player.o(.ARM.exidx.text.Beam_Move), (8 bytes).
    Removing enemy.o(.text), (0 bytes).
    Removing enemy.o(.text.Enemies_Init), (178 bytes).
    Removing enemy.o(.ARM.exidx.text.Enemies_Init), (8 bytes).
    Removing enemy.o(.ARM.exidx.text.Switch_Dir), (8 bytes).
    Removing enemy.o(.ARM.exidx.text.Update_Crit_Enemies), (8 bytes).
    Removing enemy.o(.ARM.exidx.text.Enemies_AnyAlive), (8 bytes).
    Removing enemy.o(.ARM.exidx.text.Enemies_Move), (8 bytes).
    Removing enemy.o(.ARM.exidx.text.Calculate_Enemy_Points), (8 bytes).
    Removing enemy.o(.ARM.exidx.text.Enemies_Check_Collisions), (8 bytes).
    Removing enemy.o(.data.SmallEnemyBitmaps), (12 bytes).
    Removing enemy.o(.bss.switch_dir), (1 bytes).
    Removing images.o(.text), (0 bytes).
    Removing images.o(.rodata.BlackEnemy), (320 bytes).
    Removing images.o(.rodata.SmallEnemy10pointB), (320 bytes).
    Removing images.o(.rodata.SmallEnemy20pointB), (320 bytes).
    Removing images.o(.rodata.SmallEnemy30pointB), (320 bytes).
    Removing images.o(.rodata.PlayerShip0), (288 bytes).
    Removing images.o(.rodata.PlayerShip1), (288 bytes).
    Removing images.o(.rodata.PlayerShip2), (288 bytes).
    Removing images.o(.rodata.PlayerShip3), (288 bytes).
    Removing images.o(.rodata.Bunker0), (180 bytes).
    Removing images.o(.rodata.PlayerBeam), (20 bytes).
    Removing images.o(.rodata.BlackBeam), (20 bytes).
    Removing images.o(.rodata.Heart), (160 bytes).
    Removing delay.o(.text), (0 bytes).
    Removing delay.o(.ARM.exidx.text.SysTick_Init), (8 bytes).
    Removing delay.o(.ARM.exidx.text.SysTick_Wait), (8 bytes).

221 unused section(s) (total 22941 bytes) removed from the image.

==============================================================================

Image Symbol Table

    Local Symbols

    Symbol Name                              Value     Ov Type        Size  Object(Section)

    ../clib/angel/boardlib.s                 0x00000000   Number         0  boardinit1.o ABSOLUTE
    ../clib/angel/boardlib.s                 0x00000000   Number         0  boardinit2.o ABSOLUTE
    ../clib/angel/boardlib.s                 0x00000000   Number         0  boardinit3.o ABSOLUTE
    ../clib/angel/boardlib.s                 0x00000000   Number         0  boardshut.o ABSOLUTE
    ../clib/angel/handlers.s                 0x00000000   Number         0  __scatter_copy.o ABSOLUTE
    ../clib/angel/handlers.s                 0x00000000   Number         0  __scatter_zi.o ABSOLUTE
    ../clib/angel/kernel.s                   0x00000000   Number         0  __rtentry.o ABSOLUTE
    ../clib/angel/kernel.s                   0x00000000   Number         0  __rtentry2.o ABSOLUTE
    ../clib/angel/kernel.s                   0x00000000   Number         0  __rtentry4.o ABSOLUTE
    ../clib/angel/kernel.s                   0x00000000   Number         0  rtexit.o ABSOLUTE
    ../clib/angel/kernel.s                   0x00000000   Number         0  rtexit2.o ABSOLUTE
    ../clib/angel/rt.s                       0x00000000   Number         0  rt_raise.o ABSOLUTE
    ../clib/angel/scatter.s                  0x00000000   Number         0  __scatter.o ABSOLUTE
    ../clib/angel/startup.s                  0x00000000   Number         0  __main.o ABSOLUTE
    ../clib/angel/sys.s                      0x00000000   Number         0  sys_stackheap_outer.o ABSOLUTE
    ../clib/angel/sys.s                      0x00000000   Number         0  libspace.o ABSOLUTE
    ../clib/angel/sys.s                      0x00000000   Number         0  use_no_semi.o ABSOLUTE
    ../clib/angel/sys.s                      0x00000000   Number         0  indicate_semi.o ABSOLUTE
    ../clib/angel/sysapp.c                   0x00000000   Number         0  sys_exit.o ABSOLUTE
    ../clib/angel/sysapp.c                   0x00000000   Number         0  sys_exit_hlt.o ABSOLUTE
    ../clib/angel/sysapp.c                   0x00000000   Number         0  sys_command.o ABSOLUTE
    ../clib/angel/sysapp.c                   0x00000000   Number         0  sys_command_hlt.o ABSOLUTE
    ../clib/angel/sysapp.c                   0x00000000   Number         0  sys_wrch.o ABSOLUTE
    ../clib/angel/sysapp.c                   0x00000000   Number         0  sys_wrch_hlt.o ABSOLUTE
    ../clib/armsys.c                         0x00000000   Number         0  argv_veneer.o ABSOLUTE
    ../clib/armsys.c                         0x00000000   Number         0  argv_veneer.o ABSOLUTE
    ../clib/armsys.c                         0x00000000   Number         0  _get_argv_nomalloc.o ABSOLUTE
    ../clib/armsys.c                         0x00000000   Number         0  no_argv.o ABSOLUTE
    ../clib/heapalloc.c                      0x00000000   Number         0  hrguard.o ABSOLUTE
    ../clib/heapaux.c                        0x00000000   Number         0  heapauxi.o ABSOLUTE
    ../clib/libinit.s                        0x00000000   Number         0  libinit.o ABSOLUTE
    ../clib/libinit.s                        0x00000000   Number         0  libinit2.o ABSOLUTE
    ../clib/libinit.s                        0x00000000   Number         0  libshutdown.o ABSOLUTE
    ../clib/libinit.s                        0x00000000   Number         0  libshutdown2.o ABSOLUTE
    ../clib/signal.c                         0x00000000   Number         0  defsig_rtmem_outer.o ABSOLUTE
    ../clib/signal.c                         0x00000000   Number         0  defsig_rtmem_formal.o ABSOLUTE
    ../clib/signal.c                         0x00000000   Number         0  defsig_exit.o ABSOLUTE
    ../clib/signal.c                         0x00000000   Number         0  defsig_rtmem_inner.o ABSOLUTE
    ../clib/signal.c                         0x00000000   Number         0  __raise.o ABSOLUTE
    ../clib/signal.c                         0x00000000   Number         0  defsig_general.o ABSOLUTE
    ../clib/signal.c                         0x00000000   Number         0  defsig_abrt_inner.o ABSOLUTE
    ../clib/signal.c                         0x00000000   Number         0  defsig_fpe_inner.o ABSOLUTE
    ../clib/signal.c                         0x00000000   Number         0  defsig_rtred_inner.o ABSOLUTE
    ../clib/signal.c                         0x00000000   Number         0  defsig_stak_inner.o ABSOLUTE
    ../clib/signal.c                         0x00000000   Number         0  defsig_pvfn_inner.o ABSOLUTE
    ../clib/signal.c                         0x00000000   Number         0  defsig_cppl_inner.o ABSOLUTE
    ../clib/signal.c                         0x00000000   Number         0  defsig_segv_inner.o ABSOLUTE
    ../clib/signal.c                         0x00000000   Number         0  defsig_other.o ABSOLUTE
    ../clib/signal.s                         0x00000000   Number         0  defsig.o ABSOLUTE
    ../clib/stdlib.c                         0x00000000   Number         0  exit.o ABSOLUTE
    ../fplib/fpinit.s                        0x00000000   Number         0  fpinit.o ABSOLUTE
    ../fplib/fpinit_empty.s                  0x00000000   Number         0  fpinit_empty.o ABSOLUTE
    ..\inc\BusyWait.s                        0x00000000   Number         0  busywait.o ABSOLUTE
    ..\inc\StringConversion.s                0x00000000   Number         0  stringconversion.o ABSOLUTE
    ADC.c                                    0x00000000   Number         0  adc.o ABSOLUTE
    DAC.c                                    0x00000000   Number         0  dac.o ABSOLUTE
    PLL.c                                    0x00000000   Number         0  pll.o ABSOLUTE
    ST7735.c                                 0x00000000   Number         0  st7735.o ABSOLUTE
    SpaceInvaders.c                          0x00000000   Number         0  spaceinvaders.o ABSOLUTE
    TExaS.c                                  0x00000000   Number         0  texas.o ABSOLUTE
    Timer0.c                                 0x00000000   Number         0  timer0.o ABSOLUTE
    Timer1.c                                 0x00000000   Number         0  timer1.o ABSOLUTE
    dc.s                                     0x00000000   Number         0  dc.o ABSOLUTE
    delay.c                                  0x00000000   Number         0  delay.o ABSOLUTE
    enemy.c                                  0x00000000   Number         0  enemy.o ABSOLUTE
    images.c                                 0x00000000   Number         0  images.o ABSOLUTE
    player.c                                 0x00000000   Number         0  player.o ABSOLUTE
    random.s                                 0x00000000   Number         0  random.o ABSOLUTE
    sprite.c                                 0x00000000   Number         0  sprite.o ABSOLUTE
    startup.s                                0x00000000   Number         0  startup.o ABSOLUTE
    wave.c                                   0x00000000   Number         0  wave.o ABSOLUTE
    RESET                                    0x00000000   Section      644  startup.o(RESET)
    !!!main                                  0x00000284   Section        8  __main.o(!!!main)
    !!!scatter                               0x0000028c   Section       92  __scatter.o(!!!scatter)
    !!handler_copy                           0x000002e8   Section       26  __scatter_copy.o(!!handler_copy)
    !!handler_null                           0x00000304   Section        2  __scatter.o(!!handler_null)
    !!handler_zi                             0x00000308   Section       28  __scatter_zi.o(!!handler_zi)
    .ARM.Collect$$libinit$$00000000          0x00000324   Section        2  libinit.o(.ARM.Collect$$libinit$$00000000)
    .ARM.Collect$$libinit$$00000002          0x00000326   Section        0  libinit2.o(.ARM.Collect$$libinit$$00000002)
    .ARM.Collect$$libinit$$00000004          0x00000326   Section        0  libinit2.o(.ARM.Collect$$libinit$$00000004)
    .ARM.Collect$$libinit$$00000006          0x00000326   Section        0  libinit2.o(.ARM.Collect$$libinit$$00000006)
    .ARM.Collect$$libinit$$0000000C          0x00000326   Section        0  libinit2.o(.ARM.Collect$$libinit$$0000000C)
    .ARM.Collect$$libinit$$0000000E          0x00000326   Section        0  libinit2.o(.ARM.Collect$$libinit$$0000000E)
    .ARM.Collect$$libinit$$00000010          0x00000326   Section        0  libinit2.o(.ARM.Collect$$libinit$$00000010)
    .ARM.Collect$$libinit$$00000013          0x00000326   Section        0  libinit2.o(.ARM.Collect$$libinit$$00000013)
    .ARM.Collect$$libinit$$00000015          0x00000326   Section        0  libinit2.o(.ARM.Collect$$libinit$$00000015)
    .ARM.Collect$$libinit$$00000017          0x00000326   Section        0  libinit2.o(.ARM.Collect$$libinit$$00000017)
    .ARM.Collect$$libinit$$00000019          0x00000326   Section        0  libinit2.o(.ARM.Collect$$libinit$$00000019)
    .ARM.Collect$$libinit$$0000001B          0x00000326   Section        0  libinit2.o(.ARM.Collect$$libinit$$0000001B)
    .ARM.Collect$$libinit$$0000001D          0x00000326   Section        0  libinit2.o(.ARM.Collect$$libinit$$0000001D)
    .ARM.Collect$$libinit$$0000001F          0x00000326   Section        0  libinit2.o(.ARM.Collect$$libinit$$0000001F)
    .ARM.Collect$$libinit$$00000021          0x00000326   Section        0  libinit2.o(.ARM.Collect$$libinit$$00000021)
    .ARM.Collect$$libinit$$00000023          0x00000326   Section        0  libinit2.o(.ARM.Collect$$libinit$$00000023)
    .ARM.Collect$$libinit$$00000025          0x00000326   Section        0  libinit2.o(.ARM.Collect$$libinit$$00000025)
    .ARM.Collect$$libinit$$00000027          0x00000326   Section        0  libinit2.o(.ARM.Collect$$libinit$$00000027)
    .ARM.Collect$$libinit$$0000002E          0x00000326   Section        0  libinit2.o(.ARM.Collect$$libinit$$0000002E)
    .ARM.Collect$$libinit$$00000030          0x00000326   Section        0  libinit2.o(.ARM.Collect$$libinit$$00000030)
    .ARM.Collect$$libinit$$00000032          0x00000326   Section        0  libinit2.o(.ARM.Collect$$libinit$$00000032)
    .ARM.Collect$$libinit$$00000034          0x00000326   Section        0  libinit2.o(.ARM.Collect$$libinit$$00000034)
    .ARM.Collect$$libinit$$00000035          0x00000326   Section        2  libinit2.o(.ARM.Collect$$libinit$$00000035)
    .ARM.Collect$$libshutdown$$00000000      0x00000328   Section        2  libshutdown.o(.ARM.Collect$$libshutdown$$00000000)
    .ARM.Collect$$libshutdown$$00000002      0x0000032a   Section        0  libshutdown2.o(.ARM.Collect$$libshutdown$$00000002)
    .ARM.Collect$$libshutdown$$00000004      0x0000032a   Section        0  libshutdown2.o(.ARM.Collect$$libshutdown$$00000004)
    .ARM.Collect$$libshutdown$$00000007      0x0000032a   Section        0  libshutdown2.o(.ARM.Collect$$libshutdown$$00000007)
    .ARM.Collect$$libshutdown$$0000000A      0x0000032a   Section        0  libshutdown2.o(.ARM.Collect$$libshutdown$$0000000A)
    .ARM.Collect$$libshutdown$$0000000C      0x0000032a   Section        0  libshutdown2.o(.ARM.Collect$$libshutdown$$0000000C)
    .ARM.Collect$$libshutdown$$0000000F      0x0000032a   Section        0  libshutdown2.o(.ARM.Collect$$libshutdown$$0000000F)
    .ARM.Collect$$libshutdown$$00000010      0x0000032a   Section        2  libshutdown2.o(.ARM.Collect$$libshutdown$$00000010)
    .ARM.Collect$$rtentry$$00000000          0x0000032c   Section        0  __rtentry.o(.ARM.Collect$$rtentry$$00000000)
    .ARM.Collect$$rtentry$$00000002          0x0000032c   Section        0  __rtentry2.o(.ARM.Collect$$rtentry$$00000002)
    .ARM.Collect$$rtentry$$00000004          0x0000032c   Section        6  __rtentry4.o(.ARM.Collect$$rtentry$$00000004)
    .ARM.Collect$$rtentry$$00000009          0x00000332   Section        0  __rtentry2.o(.ARM.Collect$$rtentry$$00000009)
    .ARM.Collect$$rtentry$$0000000A          0x00000332   Section        4  __rtentry2.o(.ARM.Collect$$rtentry$$0000000A)
    .ARM.Collect$$rtentry$$0000000C          0x00000336   Section        0  __rtentry2.o(.ARM.Collect$$rtentry$$0000000C)
    .ARM.Collect$$rtentry$$0000000D          0x00000336   Section        8  __rtentry2.o(.ARM.Collect$$rtentry$$0000000D)
    .ARM.Collect$$rtexit$$00000000           0x0000033e   Section        2  rtexit.o(.ARM.Collect$$rtexit$$00000000)
    .ARM.Collect$$rtexit$$00000002           0x00000340   Section        0  rtexit2.o(.ARM.Collect$$rtexit$$00000002)
    .ARM.Collect$$rtexit$$00000003           0x00000340   Section        4  rtexit2.o(.ARM.Collect$$rtexit$$00000003)
    .ARM.Collect$$rtexit$$00000004           0x00000344   Section        6  rtexit2.o(.ARM.Collect$$rtexit$$00000004)
    .text                                    0x0000034c   Section       48  startup.o(.text)
    .text                                    0x0000037c   Section       76  busywait.o(.text)
    .text                                    0x000003c8   Section        0  heapauxi.o(.text)
    .text                                    0x000003ce   Section       74  sys_stackheap_outer.o(.text)
    .text                                    0x00000418   Section        0  exit.o(.text)
    .text                                    0x0000042c   Section        8  libspace.o(.text)
    .text                                    0x00000434   Section        0  sys_exit.o(.text)
    .text                                    0x00000440   Section        2  use_no_semi.o(.text)
    .text                                    0x00000442   Section        0  indicate_semi.o(.text)
    [Anonymous Symbol]                       0x00000444   Section        0  texas.o(.text.ADC1_Init)
    [Anonymous Symbol]                       0x00000540   Section        0  adc.o(.text.ADC_In)
    [Anonymous Symbol]                       0x00000588   Section        0  player.o(.text.Beam_Move)
    [Anonymous Symbol]                       0x000005d0   Section        0  enemy.o(.text.Calculate_Enemy_Points)
    [Anonymous Symbol]                       0x00000628   Section        0  player.o(.text.Convert)
    [Anonymous Symbol]                       0x0000063c   Section        0  dac.o(.text.DAC_Out)
    [Anonymous Symbol]                       0x00000650   Section        0  spaceinvaders.o(.text.Delay100ms)
    [Anonymous Symbol]                       0x00000684   Section        0  st7735.o(.text.Delay1ms)
    [Anonymous Symbol]                       0x000006b4   Section        0  enemy.o(.text.Enemies_AnyAlive)
    [Anonymous Symbol]                       0x00000700   Section        0  enemy.o(.text.Enemies_Check_Collisions)
    [Anonymous Symbol]                       0x000007f4   Section        0  enemy.o(.text.Enemies_Move)
    [Anonymous Symbol]                       0x00000860   Section        0  spaceinvaders.o(.text.GPIOPortE_Handler)
    [Anonymous Symbol]                       0x00000888   Section        0  spaceinvaders.o(.text.GameMove)
    [Anonymous Symbol]                       0x0000090c   Section        0  texas.o(.text.LogicAnalyzerA)
    [Anonymous Symbol]                       0x00000928   Section        0  texas.o(.text.LogicAnalyzerB)
    [Anonymous Symbol]                       0x00000944   Section        0  texas.o(.text.LogicAnalyzerC)
    [Anonymous Symbol]                       0x00000960   Section        0  texas.o(.text.LogicAnalyzerE)
    [Anonymous Symbol]                       0x0000097c   Section        0  texas.o(.text.LogicAnalyzerF)
    [Anonymous Symbol]                       0x00000998   Section        0  st7735.o(.text.Output_Init)
    [Anonymous Symbol]                       0x000009a8   Section        0  pll.o(.text.PLL_Init)
    [Anonymous Symbol]                       0x00000a34   Section        0  texas.o(.text.PeriodicTask2_Init)
    [Anonymous Symbol]                       0x00000b1c   Section        0  player.o(.text.Player_Move)
    [Anonymous Symbol]                       0x00000b60   Section        0  player.o(.text.Player_Shoot)
    [Anonymous Symbol]                       0x00000b8c   Section        0  spaceinvaders.o(.text.PortE_Init)
    [Anonymous Symbol]                       0x00000bd0   Section        0  st7735.o(.text.ST7735_DrawCharS)
    [Anonymous Symbol]                       0x00000d84   Section        0  st7735.o(.text.ST7735_DrawPixel)
    [Anonymous Symbol]                       0x00000df4   Section        0  st7735.o(.text.ST7735_DrawString)
    [Anonymous Symbol]                       0x00000e90   Section        0  st7735.o(.text.ST7735_FillRect)
    [Anonymous Symbol]                       0x00000fd0   Section        0  st7735.o(.text.ST7735_FillScreen)
    [Anonymous Symbol]                       0x00001004   Section        0  st7735.o(.text.ST7735_InitR)
    [Anonymous Symbol]                       0x000010ac   Section        0  st7735.o(.text.ST7735_OutChar)
    [Anonymous Symbol]                       0x000011bc   Section        0  st7735.o(.text.ST7735_OutString)
    [Anonymous Symbol]                       0x000011e0   Section        0  st7735.o(.text.ST7735_SetCursor)
    [Anonymous Symbol]                       0x00001218   Section        0  texas.o(.text.Scope)
    [Anonymous Symbol]                       0x00001230   Section        0  sprite.o(.text.Sprite_Move)
    [Anonymous Symbol]                       0x00001260   Section        0  sprite.o(.text.Sprite_Overlap)
    [Anonymous Symbol]                       0x000012d4   Section        0  enemy.o(.text.Switch_Dir)
    [Anonymous Symbol]                       0x0000135c   Section        0  delay.o(.text.SysTick_Init)
    [Anonymous Symbol]                       0x0000138c   Section        0  delay.o(.text.SysTick_Wait)
    [Anonymous Symbol]                       0x000013bc   Section        0  texas.o(.text.TExaS_Init)
    [Anonymous Symbol]                       0x00001524   Section        0  spaceinvaders.o(.text.Timer1A_Handler)
    [Anonymous Symbol]                       0x0000155c   Section        0  wave.o(.text.Timer2A_Handler)
    [Anonymous Symbol]                       0x000015b8   Section        0  wave.o(.text.Timer2A_Start)
    [Anonymous Symbol]                       0x000015c8   Section        0  texas.o(.text.Timer5A_Handler)
    [Anonymous Symbol]                       0x000015e4   Section        0  texas.o(.text.UART0_Init)
    [Anonymous Symbol]                       0x00001684   Section        0  enemy.o(.text.Update_Crit_Enemies)
    [Anonymous Symbol]                       0x0000170c   Section        0  wave.o(.text.Wave_Shoot)
    [Anonymous Symbol]                       0x00001720   Section        0  wave.o(.text.Wave_Start)
    [Anonymous Symbol]                       0x00001758   Section        0  wave.o(.text.Wave_Stop)
    commandList                              0x00001769   Thumb Code   170  st7735.o(.text.commandList)
    [Anonymous Symbol]                       0x00001768   Section        0  st7735.o(.text.commandList)
    commonInit                               0x00001815   Thumb Code   418  st7735.o(.text.commonInit)
    [Anonymous Symbol]                       0x00001814   Section        0  st7735.o(.text.commonInit)
    [Anonymous Symbol]                       0x000019b8   Section        0  spaceinvaders.o(.text.display_intro)
    [Anonymous Symbol]                       0x000019e0   Section        0  spaceinvaders.o(.text.display_title)
    [Anonymous Symbol]                       0x00001a38   Section        0  spaceinvaders.o(.text.main)
    pushColor                                0x00001ad5   Thumb Code    28  st7735.o(.text.pushColor)
    [Anonymous Symbol]                       0x00001ad4   Section        0  st7735.o(.text.pushColor)
    setAddrWindow                            0x00001af1   Thumb Code   148  st7735.o(.text.setAddrWindow)
    [Anonymous Symbol]                       0x00001af0   Section        0  st7735.o(.text.setAddrWindow)
    [Anonymous Symbol]                       0x00001b84   Section        0  spaceinvaders.o(.text.switch_lang)
    [Anonymous Symbol]                       0x00001c00   Section        0  st7735.o(.text.writecommand)
    [Anonymous Symbol]                       0x00001c2c   Section        0  st7735.o(.text.writedata)
    Font                                     0x00001c58   Data        1275  st7735.o(.rodata.Font)
    [Anonymous Symbol]                       0x00001c58   Section        0  st7735.o(.rodata.Font)
    Rcmd1                                    0x000022b5   Data          59  st7735.o(.rodata.Rcmd1)
    [Anonymous Symbol]                       0x000022b5   Section        0  st7735.o(.rodata.Rcmd1)
    Rcmd2green                               0x000022f0   Data          13  st7735.o(.rodata.Rcmd2green)
    [Anonymous Symbol]                       0x000022f0   Section        0  st7735.o(.rodata.Rcmd2green)
    Rcmd2red                                 0x000022fd   Data          13  st7735.o(.rodata.Rcmd2red)
    [Anonymous Symbol]                       0x000022fd   Section        0  st7735.o(.rodata.Rcmd2red)
    Rcmd3                                    0x0000230a   Data          43  st7735.o(.rodata.Rcmd3)
    [Anonymous Symbol]                       0x0000230a   Section        0  st7735.o(.rodata.Rcmd3)
    .L.str                                   0x000036e6   Data          22  st7735.o(.rodata.str1.1)
    [Anonymous Symbol]                       0x000036e6   Section        0  st7735.o(.rodata.str1.1)
    _height                                  0x20000022   Data           2  st7735.o(.data._height)
    [Anonymous Symbol]                       0x20000022   Section        0  st7735.o(.data._height)
    _width                                   0x20000024   Data           2  st7735.o(.data._width)
    [Anonymous Symbol]                       0x20000024   Section        0  st7735.o(.data._width)
    crit_L                                   0x20000028   Data           4  enemy.o(.data.crit_L)
    [Anonymous Symbol]                       0x20000028   Section        0  enemy.o(.data.crit_L)
    crit_R                                   0x2000002c   Data           4  enemy.o(.data.crit_R)
    [Anonymous Symbol]                       0x2000002c   Section        0  enemy.o(.data.crit_R)
    .bss                                     0x20000030   Section       96  libspace.o(.bss)
    ColStart                                 0x200000b8   Data           1  st7735.o(.bss.ColStart)
    [Anonymous Symbol]                       0x200000b8   Section        0  st7735.o(.bss.ColStart)
    RowStart                                 0x20000350   Data           1  st7735.o(.bss.RowStart)
    [Anonymous Symbol]                       0x20000350   Section        0  st7735.o(.bss.RowStart)
    TabColor                                 0x2000035c   Data           1  st7735.o(.bss.TabColor)
    [Anonymous Symbol]                       0x2000035c   Section        0  st7735.o(.bss.TabColor)
    HeapMem                                  0x20000378   Data           0  startup.o(HEAP)
    StackMem                                 0x20000378   Data           0  startup.o(STACK)
    HEAP                                     0x20000378   Section        0  startup.o(HEAP)
    STACK                                    0x20000378   Section     1024  startup.o(STACK)

    Global Symbols

    Symbol Name                              Value     Ov Type        Size  Object(Section)

    BuildAttributes$$THM_ISAv4$E$P$D$K$B$S$7EM$PE$A:L22UL41UL21$X:L11$S22US41US21$IEEE1$IW$~IW$USESV6$~STKCKD$USESV7$~SHL$OSPACE$ROPI$EBA8$UX$STANDARDLIB$REQ8$PRES8$EABIv2 0x00000000   Number         0  anon$$obj.o ABSOLUTE
    __Vectors                                0x00000000   Data           0  startup.o(RESET)
    __fp_init_empty                          0x00000000   Number         0  fpinit_empty.o ABSOLUTE
    __ARM_exceptions_init                     - Undefined Weak Reference
    __alloca_initialize                       - Undefined Weak Reference
    __arm_preinit_                            - Undefined Weak Reference
    __arm_relocate_pie_                       - Undefined Weak Reference
    __cpp_initialize__aeabi_                  - Undefined Weak Reference
    __cxa_finalize                            - Undefined Weak Reference
    __rt_locale                               - Undefined Weak Reference
    __sigvec_lookup                           - Undefined Weak Reference
    _atexit_init                              - Undefined Weak Reference
    _call_atexit_fns                          - Undefined Weak Reference
    _clock_init                               - Undefined Weak Reference
    _fp_trap_init                             - Undefined Weak Reference
    _fp_trap_shutdown                         - Undefined Weak Reference
    _get_lc_collate                           - Undefined Weak Reference
    _get_lc_ctype                             - Undefined Weak Reference
    _get_lc_monetary                          - Undefined Weak Reference
    _get_lc_numeric                           - Undefined Weak Reference
    _get_lc_time                              - Undefined Weak Reference
    _getenv_init                              - Undefined Weak Reference
    _handle_redirection                       - Undefined Weak Reference
    _init_alloc                               - Undefined Weak Reference
    _init_user_alloc                          - Undefined Weak Reference
    _initio                                   - Undefined Weak Reference
    _rand_init                                - Undefined Weak Reference
    _signal_finish                            - Undefined Weak Reference
    _signal_init                              - Undefined Weak Reference
    _terminate_alloc                          - Undefined Weak Reference
    _terminate_user_alloc                     - Undefined Weak Reference
    _terminateio                              - Undefined Weak Reference
    Reset_Handler                            0x0000026d   Thumb Code     0  startup.o(RESET)
    NMI_Handler                              0x00000271   Thumb Code     2  startup.o(RESET)
    HardFault_Handler                        0x00000273   Thumb Code     2  startup.o(RESET)
    MemManage_Handler                        0x00000275   Thumb Code     2  startup.o(RESET)
    BusFault_Handler                         0x00000277   Thumb Code     2  startup.o(RESET)
    UsageFault_Handler                       0x00000279   Thumb Code     2  startup.o(RESET)
    SVC_Handler                              0x0000027b   Thumb Code     2  startup.o(RESET)
    DebugMon_Handler                         0x0000027d   Thumb Code     2  startup.o(RESET)
    PendSV_Handler                           0x0000027f   Thumb Code     2  startup.o(RESET)
    SysTick_Handler                          0x00000281   Thumb Code     2  startup.o(RESET)
    ADC0Seq0_Handler                         0x00000283   Thumb Code     0  startup.o(RESET)
    ADC0Seq1_Handler                         0x00000283   Thumb Code     0  startup.o(RESET)
    ADC0Seq2_Handler                         0x00000283   Thumb Code     0  startup.o(RESET)
    ADC0Seq3_Handler                         0x00000283   Thumb Code     0  startup.o(RESET)
    ADC1Seq0_Handler                         0x00000283   Thumb Code     0  startup.o(RESET)
    ADC1Seq1_Handler                         0x00000283   Thumb Code     0  startup.o(RESET)
    ADC1Seq2_Handler                         0x00000283   Thumb Code     0  startup.o(RESET)
    ADC1Seq3_Handler                         0x00000283   Thumb Code     0  startup.o(RESET)
    CAN0_Handler                             0x00000283   Thumb Code     0  startup.o(RESET)
    CAN1_Handler                             0x00000283   Thumb Code     0  startup.o(RESET)
    CAN2_Handler                             0x00000283   Thumb Code     0  startup.o(RESET)
    Comp0_Handler                            0x00000283   Thumb Code     0  startup.o(RESET)
    Comp1_Handler                            0x00000283   Thumb Code     0  startup.o(RESET)
    Comp2_Handler                            0x00000283   Thumb Code     0  startup.o(RESET)
    Ethernet_Handler                         0x00000283   Thumb Code     0  startup.o(RESET)
    ExtBus_Handler                           0x00000283   Thumb Code     0  startup.o(RESET)
    FPU_Handler                              0x00000283   Thumb Code     0  startup.o(RESET)
    Fan0_Handler                             0x00000283   Thumb Code     0  startup.o(RESET)
    FlashCtl_Handler                         0x00000283   Thumb Code     0  startup.o(RESET)
    GPIOPortA_Handler                        0x00000283   Thumb Code     0  startup.o(RESET)
    GPIOPortB_Handler                        0x00000283   Thumb Code     0  startup.o(RESET)
    GPIOPortC_Handler                        0x00000283   Thumb Code     0  startup.o(RESET)
    GPIOPortD_Handler                        0x00000283   Thumb Code     0  startup.o(RESET)
    GPIOPortF_Handler                        0x00000283   Thumb Code     0  startup.o(RESET)
    GPIOPortG_Handler                        0x00000283   Thumb Code     0  startup.o(RESET)
    GPIOPortH_Handler                        0x00000283   Thumb Code     0  startup.o(RESET)
    GPIOPortJ_Handler                        0x00000283   Thumb Code     0  startup.o(RESET)
    GPIOPortK_Handler                        0x00000283   Thumb Code     0  startup.o(RESET)
    GPIOPortL_Handler                        0x00000283   Thumb Code     0  startup.o(RESET)
    GPIOPortM_Handler                        0x00000283   Thumb Code     0  startup.o(RESET)
    GPIOPortN_Handler                        0x00000283   Thumb Code     0  startup.o(RESET)
    GPIOPortP1_Handler                       0x00000283   Thumb Code     0  startup.o(RESET)
    GPIOPortP2_Handler                       0x00000283   Thumb Code     0  startup.o(RESET)
    GPIOPortP3_Handler                       0x00000283   Thumb Code     0  startup.o(RESET)
    GPIOPortP4_Handler                       0x00000283   Thumb Code     0  startup.o(RESET)
    GPIOPortP5_Handler                       0x00000283   Thumb Code     0  startup.o(RESET)
    GPIOPortP6_Handler                       0x00000283   Thumb Code     0  startup.o(RESET)
    GPIOPortP7_Handler                       0x00000283   Thumb Code     0  startup.o(RESET)
    GPIOPortP_Handler                        0x00000283   Thumb Code     0  startup.o(RESET)
    GPIOPortQ1_Handler                       0x00000283   Thumb Code     0  startup.o(RESET)
    GPIOPortQ2_Handler                       0x00000283   Thumb Code     0  startup.o(RESET)
    GPIOPortQ3_Handler                       0x00000283   Thumb Code     0  startup.o(RESET)
    GPIOPortQ4_Handler                       0x00000283   Thumb Code     0  startup.o(RESET)
    GPIOPortQ5_Handler                       0x00000283   Thumb Code     0  startup.o(RESET)
    GPIOPortQ6_Handler                       0x00000283   Thumb Code     0  startup.o(RESET)
    GPIOPortQ7_Handler                       0x00000283   Thumb Code     0  startup.o(RESET)
    GPIOPortQ_Handler                        0x00000283   Thumb Code     0  startup.o(RESET)
    GPIOPortR_Handler                        0x00000283   Thumb Code     0  startup.o(RESET)
    GPIOPortS_Handler                        0x00000283   Thumb Code     0  startup.o(RESET)
    Hibernate_Handler                        0x00000283   Thumb Code     0  startup.o(RESET)
    I2C0_Handler                             0x00000283   Thumb Code     0  startup.o(RESET)
    I2C1_Handler                             0x00000283   Thumb Code     0  startup.o(RESET)
    I2C2_Handler                             0x00000283   Thumb Code     0  startup.o(RESET)
    I2C3_Handler                             0x00000283   Thumb Code     0  startup.o(RESET)
    I2C4_Handler                             0x00000283   Thumb Code     0  startup.o(RESET)
    I2C5_Handler                             0x00000283   Thumb Code     0  startup.o(RESET)
    I2S0_Handler                             0x00000283   Thumb Code     0  startup.o(RESET)
    LPC0_Handler                             0x00000283   Thumb Code     0  startup.o(RESET)
    PECI0_Handler                            0x00000283   Thumb Code     0  startup.o(RESET)
    PWM0Fault_Handler                        0x00000283   Thumb Code     0  startup.o(RESET)
    PWM0Generator0_Handler                   0x00000283   Thumb Code     0  startup.o(RESET)
    PWM0Generator1_Handler                   0x00000283   Thumb Code     0  startup.o(RESET)
    PWM0Generator2_Handler                   0x00000283   Thumb Code     0  startup.o(RESET)
    PWM0Generator3_Handler                   0x00000283   Thumb Code     0  startup.o(RESET)
    PWM1Fault_Handler                        0x00000283   Thumb Code     0  startup.o(RESET)
    PWM1Generator0_Handler                   0x00000283   Thumb Code     0  startup.o(RESET)
    PWM1Generator1_Handler                   0x00000283   Thumb Code     0  startup.o(RESET)
    PWM1Generator2_Handler                   0x00000283   Thumb Code     0  startup.o(RESET)
    PWM1Generator3_Handler                   0x00000283   Thumb Code     0  startup.o(RESET)
    Quadrature0_Handler                      0x00000283   Thumb Code     0  startup.o(RESET)
    Quadrature1_Handler                      0x00000283   Thumb Code     0  startup.o(RESET)
    Quadrature2_Handler                      0x00000283   Thumb Code     0  startup.o(RESET)
    SSI0_Handler                             0x00000283   Thumb Code     0  startup.o(RESET)
    SSI1_Handler                             0x00000283   Thumb Code     0  startup.o(RESET)
    SSI2_Handler                             0x00000283   Thumb Code     0  startup.o(RESET)
    SSI3_Handler                             0x00000283   Thumb Code     0  startup.o(RESET)
    SysCtl_Handler                           0x00000283   Thumb Code     0  startup.o(RESET)
    Timer0A_Handler                          0x00000283   Thumb Code     0  startup.o(RESET)
    Timer0B_Handler                          0x00000283   Thumb Code     0  startup.o(RESET)
    Timer1B_Handler                          0x00000283   Thumb Code     0  startup.o(RESET)
    Timer2B_Handler                          0x00000283   Thumb Code     0  startup.o(RESET)
    Timer3A_Handler                          0x00000283   Thumb Code     0  startup.o(RESET)
    Timer3B_Handler                          0x00000283   Thumb Code     0  startup.o(RESET)
    Timer4A_Handler                          0x00000283   Thumb Code     0  startup.o(RESET)
    Timer4B_Handler                          0x00000283   Thumb Code     0  startup.o(RESET)
    Timer5B_Handler                          0x00000283   Thumb Code     0  startup.o(RESET)
    UART0_Handler                            0x00000283   Thumb Code     0  startup.o(RESET)
    UART1_Handler                            0x00000283   Thumb Code     0  startup.o(RESET)
    UART2_Handler                            0x00000283   Thumb Code     0  startup.o(RESET)
    UART3_Handler                            0x00000283   Thumb Code     0  startup.o(RESET)
    UART4_Handler                            0x00000283   Thumb Code     0  startup.o(RESET)
    UART5_Handler                            0x00000283   Thumb Code     0  startup.o(RESET)
    UART6_Handler                            0x00000283   Thumb Code     0  startup.o(RESET)
    UART7_Handler                            0x00000283   Thumb Code     0  startup.o(RESET)
    USB0_Handler                             0x00000283   Thumb Code     0  startup.o(RESET)
    WDT_Handler                              0x00000283   Thumb Code     0  startup.o(RESET)
    WideTimer0A_Handler                      0x00000283   Thumb Code     0  startup.o(RESET)
    WideTimer0B_Handler                      0x00000283   Thumb Code     0  startup.o(RESET)
    WideTimer1A_Handler                      0x00000283   Thumb Code     0  startup.o(RESET)
    WideTimer1B_Handler                      0x00000283   Thumb Code     0  startup.o(RESET)
    WideTimer2A_Handler                      0x00000283   Thumb Code     0  startup.o(RESET)
    WideTimer2B_Handler                      0x00000283   Thumb Code     0  startup.o(RESET)
    WideTimer3A_Handler                      0x00000283   Thumb Code     0  startup.o(RESET)
    WideTimer3B_Handler                      0x00000283   Thumb Code     0  startup.o(RESET)
    WideTimer4A_Handler                      0x00000283   Thumb Code     0  startup.o(RESET)
    WideTimer4B_Handler                      0x00000283   Thumb Code     0  startup.o(RESET)
    WideTimer5A_Handler                      0x00000283   Thumb Code     0  startup.o(RESET)
    WideTimer5B_Handler                      0x00000283   Thumb Code     0  startup.o(RESET)
    uDMA_Error                               0x00000283   Thumb Code     0  startup.o(RESET)
    uDMA_Handler                             0x00000283   Thumb Code     0  startup.o(RESET)
    __main                                   0x00000285   Thumb Code     8  __main.o(!!!main)
    __scatterload                            0x0000028d   Thumb Code     0  __scatter.o(!!!scatter)
    __scatterload_rt2                        0x0000028d   Thumb Code    84  __scatter.o(!!!scatter)
    __scatterload_rt2_thumb_only             0x0000028d   Thumb Code     0  __scatter.o(!!!scatter)
    __scatterload_loop                       0x00000297   Thumb Code     0  __scatter.o(!!!scatter)
    __scatterload_copy                       0x000002e9   Thumb Code    26  __scatter_copy.o(!!handler_copy)
    __scatterload_null                       0x00000305   Thumb Code     2  __scatter.o(!!handler_null)
    __scatterload_zeroinit                   0x00000309   Thumb Code    28  __scatter_zi.o(!!handler_zi)
    __rt_lib_init                            0x00000325   Thumb Code     0  libinit.o(.ARM.Collect$$libinit$$00000000)
    __rt_lib_init_alloca_1                   0x00000327   Thumb Code     0  libinit2.o(.ARM.Collect$$libinit$$00000030)
    __rt_lib_init_argv_1                     0x00000327   Thumb Code     0  libinit2.o(.ARM.Collect$$libinit$$0000002E)
    __rt_lib_init_atexit_1                   0x00000327   Thumb Code     0  libinit2.o(.ARM.Collect$$libinit$$0000001D)
    __rt_lib_init_clock_1                    0x00000327   Thumb Code     0  libinit2.o(.ARM.Collect$$libinit$$00000023)
    __rt_lib_init_cpp_1                      0x00000327   Thumb Code     0  libinit2.o(.ARM.Collect$$libinit$$00000034)
    __rt_lib_init_exceptions_1               0x00000327   Thumb Code     0  libinit2.o(.ARM.Collect$$libinit$$00000032)
    __rt_lib_init_fp_1                       0x00000327   Thumb Code     0  libinit2.o(.ARM.Collect$$libinit$$00000002)
    __rt_lib_init_fp_trap_1                  0x00000327   Thumb Code     0  libinit2.o(.ARM.Collect$$libinit$$00000021)
    __rt_lib_init_getenv_1                   0x00000327   Thumb Code     0  libinit2.o(.ARM.Collect$$libinit$$00000025)
    __rt_lib_init_heap_1                     0x00000327   Thumb Code     0  libinit2.o(.ARM.Collect$$libinit$$0000000C)
    __rt_lib_init_lc_collate_1               0x00000327   Thumb Code     0  libinit2.o(.ARM.Collect$$libinit$$00000013)
    __rt_lib_init_lc_ctype_1                 0x00000327   Thumb Code     0  libinit2.o(.ARM.Collect$$libinit$$00000015)
    __rt_lib_init_lc_monetary_1              0x00000327   Thumb Code     0  libinit2.o(.ARM.Collect$$libinit$$00000017)
    __rt_lib_init_lc_numeric_1               0x00000327   Thumb Code     0  libinit2.o(.ARM.Collect$$libinit$$00000019)
    __rt_lib_init_lc_time_1                  0x00000327   Thumb Code     0  libinit2.o(.ARM.Collect$$libinit$$0000001B)
    __rt_lib_init_preinit_1                  0x00000327   Thumb Code     0  libinit2.o(.ARM.Collect$$libinit$$00000006)
    __rt_lib_init_rand_1                     0x00000327   Thumb Code     0  libinit2.o(.ARM.Collect$$libinit$$00000010)
    __rt_lib_init_relocate_pie_1             0x00000327   Thumb Code     0  libinit2.o(.ARM.Collect$$libinit$$00000004)
    __rt_lib_init_return                     0x00000327   Thumb Code     0  libinit2.o(.ARM.Collect$$libinit$$00000035)
    __rt_lib_init_signal_1                   0x00000327   Thumb Code     0  libinit2.o(.ARM.Collect$$libinit$$0000001F)
    __rt_lib_init_stdio_1                    0x00000327   Thumb Code     0  libinit2.o(.ARM.Collect$$libinit$$00000027)
    __rt_lib_init_user_alloc_1               0x00000327   Thumb Code     0  libinit2.o(.ARM.Collect$$libinit$$0000000E)
    __rt_lib_shutdown                        0x00000329   Thumb Code     0  libshutdown.o(.ARM.Collect$$libshutdown$$00000000)
    __rt_lib_shutdown_cpp_1                  0x0000032b   Thumb Code     0  libshutdown2.o(.ARM.Collect$$libshutdown$$00000002)
    __rt_lib_shutdown_fp_trap_1              0x0000032b   Thumb Code     0  libshutdown2.o(.ARM.Collect$$libshutdown$$00000007)
    __rt_lib_shutdown_heap_1                 0x0000032b   Thumb Code     0  libshutdown2.o(.ARM.Collect$$libshutdown$$0000000F)
    __rt_lib_shutdown_return                 0x0000032b   Thumb Code     0  libshutdown2.o(.ARM.Collect$$libshutdown$$00000010)
    __rt_lib_shutdown_signal_1               0x0000032b   Thumb Code     0  libshutdown2.o(.ARM.Collect$$libshutdown$$0000000A)
    __rt_lib_shutdown_stdio_1                0x0000032b   Thumb Code     0  libshutdown2.o(.ARM.Collect$$libshutdown$$00000004)
    __rt_lib_shutdown_user_alloc_1           0x0000032b   Thumb Code     0  libshutdown2.o(.ARM.Collect$$libshutdown$$0000000C)
    __rt_entry                               0x0000032d   Thumb Code     0  __rtentry.o(.ARM.Collect$$rtentry$$00000000)
    __rt_entry_presh_1                       0x0000032d   Thumb Code     0  __rtentry2.o(.ARM.Collect$$rtentry$$00000002)
    __rt_entry_sh                            0x0000032d   Thumb Code     0  __rtentry4.o(.ARM.Collect$$rtentry$$00000004)
    __rt_entry_li                            0x00000333   Thumb Code     0  __rtentry2.o(.ARM.Collect$$rtentry$$0000000A)
    __rt_entry_postsh_1                      0x00000333   Thumb Code     0  __rtentry2.o(.ARM.Collect$$rtentry$$00000009)
    __rt_entry_main                          0x00000337   Thumb Code     0  __rtentry2.o(.ARM.Collect$$rtentry$$0000000D)
    __rt_entry_postli_1                      0x00000337   Thumb Code     0  __rtentry2.o(.ARM.Collect$$rtentry$$0000000C)
    __rt_exit                                0x0000033f   Thumb Code     0  rtexit.o(.ARM.Collect$$rtexit$$00000000)
    __rt_exit_ls                             0x00000341   Thumb Code     0  rtexit2.o(.ARM.Collect$$rtexit$$00000003)
    __rt_exit_prels_1                        0x00000341   Thumb Code     0  rtexit2.o(.ARM.Collect$$rtexit$$00000002)
    __rt_exit_exit                           0x00000345   Thumb Code     0  rtexit2.o(.ARM.Collect$$rtexit$$00000004)
    DisableInterrupts                        0x0000034d   Thumb Code     0  startup.o(.text)
    EnableInterrupts                         0x00000351   Thumb Code     0  startup.o(.text)
    StartCritical                            0x00000355   Thumb Code     0  startup.o(.text)
    EndCritical                              0x0000035d   Thumb Code     0  startup.o(.text)
    WaitForInterrupt                         0x00000363   Thumb Code     0  startup.o(.text)
    __user_initial_stackheap                 0x00000367   Thumb Code     0  startup.o(.text)
    SPIOutCommand                            0x0000037d   Thumb Code     0  busywait.o(.text)
    SPIOutData                               0x000003a9   Thumb Code     0  busywait.o(.text)
    __use_two_region_memory                  0x000003c9   Thumb Code     2  heapauxi.o(.text)
    __rt_heap_escrow$2region                 0x000003cb   Thumb Code     2  heapauxi.o(.text)
    __rt_heap_expand$2region                 0x000003cd   Thumb Code     2  heapauxi.o(.text)
    __user_setup_stackheap                   0x000003cf   Thumb Code    74  sys_stackheap_outer.o(.text)
    exit                                     0x00000419   Thumb Code    18  exit.o(.text)
    __user_libspace                          0x0000042d   Thumb Code     8  libspace.o(.text)
    __user_perproc_libspace                  0x0000042d   Thumb Code     0  libspace.o(.text)
    __user_perthread_libspace                0x0000042d   Thumb Code     0  libspace.o(.text)
    _sys_exit                                0x00000435   Thumb Code     8  sys_exit.o(.text)
    __I$use$semihosting                      0x00000441   Thumb Code     0  use_no_semi.o(.text)
    __use_no_semihosting_swi                 0x00000441   Thumb Code     2  use_no_semi.o(.text)
    __semihosting_library_function           0x00000443   Thumb Code     0  indicate_semi.o(.text)
    ADC1_Init                                0x00000445   Thumb Code   252  texas.o(.text.ADC1_Init)
    ADC_In                                   0x00000541   Thumb Code    70  adc.o(.text.ADC_In)
    Beam_Move                                0x00000589   Thumb Code    70  player.o(.text.Beam_Move)
    Calculate_Enemy_Points                   0x000005d1   Thumb Code    88  enemy.o(.text.Calculate_Enemy_Points)
    Convert                                  0x00000629   Thumb Code    20  player.o(.text.Convert)
    DAC_Out                                  0x0000063d   Thumb Code    20  dac.o(.text.DAC_Out)
    Delay100ms                               0x00000651   Thumb Code    50  spaceinvaders.o(.text.Delay100ms)
    Delay1ms                                 0x00000685   Thumb Code    46  st7735.o(.text.Delay1ms)
    Enemies_AnyAlive                         0x000006b5   Thumb Code    76  enemy.o(.text.Enemies_AnyAlive)
    Enemies_Check_Collisions                 0x00000701   Thumb Code   242  enemy.o(.text.Enemies_Check_Collisions)
    Enemies_Move                             0x000007f5   Thumb Code   106  enemy.o(.text.Enemies_Move)
    GPIOPortE_Handler                        0x00000861   Thumb Code    40  spaceinvaders.o(.text.GPIOPortE_Handler)
    GameMove                                 0x00000889   Thumb Code   130  spaceinvaders.o(.text.GameMove)
    LogicAnalyzerA                           0x0000090d   Thumb Code    28  texas.o(.text.LogicAnalyzerA)
    LogicAnalyzerB                           0x00000929   Thumb Code    26  texas.o(.text.LogicAnalyzerB)
    LogicAnalyzerC                           0x00000945   Thumb Code    28  texas.o(.text.LogicAnalyzerC)
    LogicAnalyzerE                           0x00000961   Thumb Code    26  texas.o(.text.LogicAnalyzerE)
    LogicAnalyzerF                           0x0000097d   Thumb Code    26  texas.o(.text.LogicAnalyzerF)
    Output_Init                              0x00000999   Thumb Code    16  st7735.o(.text.Output_Init)
    PLL_Init                                 0x000009a9   Thumb Code   138  pll.o(.text.PLL_Init)
    PeriodicTask2_Init                       0x00000a35   Thumb Code   232  texas.o(.text.PeriodicTask2_Init)
    Player_Move                              0x00000b1d   Thumb Code    66  player.o(.text.Player_Move)
    Player_Shoot                             0x00000b61   Thumb Code    44  player.o(.text.Player_Shoot)
    PortE_Init                               0x00000b8d   Thumb Code    68  spaceinvaders.o(.text.PortE_Init)
    ST7735_DrawCharS                         0x00000bd1   Thumb Code   436  st7735.o(.text.ST7735_DrawCharS)
    ST7735_DrawPixel                         0x00000d85   Thumb Code   112  st7735.o(.text.ST7735_DrawPixel)
    ST7735_DrawString                        0x00000df5   Thumb Code   154  st7735.o(.text.ST7735_DrawString)
    ST7735_FillRect                          0x00000e91   Thumb Code   318  st7735.o(.text.ST7735_FillRect)
    ST7735_FillScreen                        0x00000fd1   Thumb Code    52  st7735.o(.text.ST7735_FillScreen)
    ST7735_InitR                             0x00001005   Thumb Code   166  st7735.o(.text.ST7735_InitR)
    ST7735_OutChar                           0x000010ad   Thumb Code   270  st7735.o(.text.ST7735_OutChar)
    ST7735_OutString                         0x000011bd   Thumb Code    36  st7735.o(.text.ST7735_OutString)
    ST7735_SetCursor                         0x000011e1   Thumb Code    54  st7735.o(.text.ST7735_SetCursor)
    Scope                                    0x00001219   Thumb Code    24  texas.o(.text.Scope)
    Sprite_Move                              0x00001231   Thumb Code    46  sprite.o(.text.Sprite_Move)
    Sprite_Overlap                           0x00001261   Thumb Code   114  sprite.o(.text.Sprite_Overlap)
    Switch_Dir                               0x000012d5   Thumb Code   136  enemy.o(.text.Switch_Dir)
    SysTick_Init                             0x0000135d   Thumb Code    46  delay.o(.text.SysTick_Init)
    SysTick_Wait                             0x0000138d   Thumb Code    46  delay.o(.text.SysTick_Wait)
    TExaS_Init                               0x000013bd   Thumb Code   360  texas.o(.text.TExaS_Init)
    Timer1A_Handler                          0x00001525   Thumb Code    54  spaceinvaders.o(.text.Timer1A_Handler)
    Timer2A_Handler                          0x0000155d   Thumb Code    90  wave.o(.text.Timer2A_Handler)
    Timer2A_Start                            0x000015b9   Thumb Code    16  wave.o(.text.Timer2A_Start)
    Timer5A_Handler                          0x000015c9   Thumb Code    28  texas.o(.text.Timer5A_Handler)
    UART0_Init                               0x000015e5   Thumb Code   160  texas.o(.text.UART0_Init)
    Update_Crit_Enemies                      0x00001685   Thumb Code   134  enemy.o(.text.Update_Crit_Enemies)
    Wave_Shoot                               0x0000170d   Thumb Code    20  wave.o(.text.Wave_Shoot)
    Wave_Start                               0x00001721   Thumb Code    56  wave.o(.text.Wave_Start)
    Wave_Stop                                0x00001759   Thumb Code    16  wave.o(.text.Wave_Stop)
    display_intro                            0x000019b9   Thumb Code    40  spaceinvaders.o(.text.display_intro)
    display_title                            0x000019e1   Thumb Code    86  spaceinvaders.o(.text.display_title)
    main                                     0x00001a39   Thumb Code   156  spaceinvaders.o(.text.main)
    switch_lang                              0x00001b85   Thumb Code   122  spaceinvaders.o(.text.switch_lang)
    writecommand                             0x00001c01   Thumb Code    44  st7735.o(.text.writecommand)
    writedata                                0x00001c2d   Thumb Code    44  st7735.o(.text.writedata)
    Goodbye_English                          0x00002153   Data           8  spaceinvaders.o(.rodata.Goodbye_English)
    Goodbye_Spanish                          0x0000215b   Data           6  spaceinvaders.o(.rodata.Goodbye_Spanish)
    Hello_English                            0x00002161   Data           6  spaceinvaders.o(.rodata.Hello_English)
    Hello_Spanish                            0x00002167   Data           7  spaceinvaders.o(.rodata.Hello_Spanish)
    Intro_English                            0x0000216e   Data         143  spaceinvaders.o(.rodata.Intro_English)
    Intro_Spanish                            0x000021fd   Data         168  spaceinvaders.o(.rodata.Intro_Spanish)
    Language_English                         0x000022a5   Data           8  spaceinvaders.o(.rodata.Language_English)
    Language_Spanish                         0x000022ad   Data           8  spaceinvaders.o(.rodata.Language_Spanish)
    SmallEnemy10pointA                       0x00002336   Data         320  images.o(.rodata.SmallEnemy10pointA)
    SmallEnemy20pointA                       0x00002476   Data         320  images.o(.rodata.SmallEnemy20pointA)
    SmallEnemy30pointA                       0x000025b6   Data         320  images.o(.rodata.SmallEnemy30pointA)
    shoot                                    0x000026f6   Data        4080  wave.o(.rodata.shoot)
    Region$$Table$$Base                      0x000036fc   Number         0  anon$$obj.o(Region$$Table)
    Region$$Table$$Limit                     0x0000371c   Number         0  anon$$obj.o(Region$$Table)
    Phrases                                  0x20000000   Data          32  spaceinvaders.o(.data.Phrases)
    StTextColor                              0x20000020   Data           2  st7735.o(.data.StTextColor)
    __libspace_start                         0x20000030   Data          96  libspace.o(.bss)
    Beam                                     0x20000090   Data          40  player.o(.bss.Beam)
    __temporary_stack_top$libspace           0x20000090   Data           0  libspace.o(.bss)
    Enemies                                  0x200000bc   Data         600  enemy.o(.bss.Enemies)
    GameFlag                                 0x20000314   Data           4  spaceinvaders.o(.bss.GameFlag)
    GameLost                                 0x20000318   Data           1  spaceinvaders.o(.bss.GameLost)
    GameWon                                  0x20000319   Data           1  spaceinvaders.o(.bss.GameWon)
    PeriodicTask2                            0x2000031c   Data           4  texas.o(.bss.PeriodicTask2)
    Player                                   0x20000320   Data          40  player.o(.bss.Player)
    Player_Pts                               0x20000348   Data           4  spaceinvaders.o(.bss.Player_Pts)
    Player_old_pos                           0x2000034c   Data           4  player.o(.bss.Player_old_pos)
    StX                                      0x20000354   Data           4  st7735.o(.bss.StX)
    StY                                      0x20000358   Data           4  st7735.o(.bss.StY)
    index                                    0x20000360   Data           4  wave.o(.bss.index)
    myLanguage                               0x20000364   Data           1  spaceinvaders.o(.bss.myLanguage)
    tableSize                                0x20000368   Data           4  wave.o(.bss.tableSize)
    update_pts                               0x2000036c   Data           4  spaceinvaders.o(.bss.update_pts)
    waveTable                                0x20000370   Data           4  wave.o(.bss.waveTable)



==============================================================================

Memory Map of the image

  Image Entry point : 0x0000026d

  Load Region LR_1 (Base: 0x00000000, Size: 0x0000374c, Max: 0xffffffff, ABSOLUTE)

    Execution Region ER_RO (Exec base: 0x00000000, Load base: 0x00000000, Size: 0x0000371c, Max: 0xffffffff, ABSOLUTE)

    Exec Addr    Load Addr    Size         Type   Attr      Idx    E Section Name        Object

    0x00000000   0x00000000   0x00000284   Code   RO            3  * RESET               startup.o
    0x00000284   0x00000284   0x00000008   Code   RO          425  * !!!main             c_w.l(__main.o)
    0x0000028c   0x0000028c   0x0000005c   Code   RO          590    !!!scatter          c_w.l(__scatter.o)
    0x000002e8   0x000002e8   0x0000001a   Code   RO          594    !!handler_copy      c_w.l(__scatter_copy.o)
    0x00000302   0x00000302   0x00000002   PAD
    0x00000304   0x00000304   0x00000002   Code   RO          591    !!handler_null      c_w.l(__scatter.o)
    0x00000306   0x00000306   0x00000002   PAD
    0x00000308   0x00000308   0x0000001c   Code   RO          596    !!handler_zi        c_w.l(__scatter_zi.o)
    0x00000324   0x00000324   0x00000002   Code   RO          452    .ARM.Collect$$libinit$$00000000  c_w.l(libinit.o)
    0x00000326   0x00000326   0x00000000   Code   RO          459    .ARM.Collect$$libinit$$00000002  c_w.l(libinit2.o)
    0x00000326   0x00000326   0x00000000   Code   RO          461    .ARM.Collect$$libinit$$00000004  c_w.l(libinit2.o)
    0x00000326   0x00000326   0x00000000   Code   RO          463    .ARM.Collect$$libinit$$00000006  c_w.l(libinit2.o)
    0x00000326   0x00000326   0x00000000   Code   RO          466    .ARM.Collect$$libinit$$0000000C  c_w.l(libinit2.o)
    0x00000326   0x00000326   0x00000000   Code   RO          468    .ARM.Collect$$libinit$$0000000E  c_w.l(libinit2.o)
    0x00000326   0x00000326   0x00000000   Code   RO          470    .ARM.Collect$$libinit$$00000010  c_w.l(libinit2.o)
    0x00000326   0x00000326   0x00000000   Code   RO          473    .ARM.Collect$$libinit$$00000013  c_w.l(libinit2.o)
    0x00000326   0x00000326   0x00000000   Code   RO          475    .ARM.Collect$$libinit$$00000015  c_w.l(libinit2.o)
    0x00000326   0x00000326   0x00000000   Code   RO          477    .ARM.Collect$$libinit$$00000017  c_w.l(libinit2.o)
    0x00000326   0x00000326   0x00000000   Code   RO          479    .ARM.Collect$$libinit$$00000019  c_w.l(libinit2.o)
    0x00000326   0x00000326   0x00000000   Code   RO          481    .ARM.Collect$$libinit$$0000001B  c_w.l(libinit2.o)
    0x00000326   0x00000326   0x00000000   Code   RO          483    .ARM.Collect$$libinit$$0000001D  c_w.l(libinit2.o)
    0x00000326   0x00000326   0x00000000   Code   RO          485    .ARM.Collect$$libinit$$0000001F  c_w.l(libinit2.o)
    0x00000326   0x00000326   0x00000000   Code   RO          487    .ARM.Collect$$libinit$$00000021  c_w.l(libinit2.o)
    0x00000326   0x00000326   0x00000000   Code   RO          489    .ARM.Collect$$libinit$$00000023  c_w.l(libinit2.o)
    0x00000326   0x00000326   0x00000000   Code   RO          491    .ARM.Collect$$libinit$$00000025  c_w.l(libinit2.o)
    0x00000326   0x00000326   0x00000000   Code   RO          493    .ARM.Collect$$libinit$$00000027  c_w.l(libinit2.o)
    0x00000326   0x00000326   0x00000000   Code   RO          497    .ARM.Collect$$libinit$$0000002E  c_w.l(libinit2.o)
    0x00000326   0x00000326   0x00000000   Code   RO          499    .ARM.Collect$$libinit$$00000030  c_w.l(libinit2.o)
    0x00000326   0x00000326   0x00000000   Code   RO          501    .ARM.Collect$$libinit$$00000032  c_w.l(libinit2.o)
    0x00000326   0x00000326   0x00000000   Code   RO          503    .ARM.Collect$$libinit$$00000034  c_w.l(libinit2.o)
    0x00000326   0x00000326   0x00000002   Code   RO          504    .ARM.Collect$$libinit$$00000035  c_w.l(libinit2.o)
    0x00000328   0x00000328   0x00000002   Code   RO          526    .ARM.Collect$$libshutdown$$00000000  c_w.l(libshutdown.o)
    0x0000032a   0x0000032a   0x00000000   Code   RO          541    .ARM.Collect$$libshutdown$$00000002  c_w.l(libshutdown2.o)
    0x0000032a   0x0000032a   0x00000000   Code   RO          543    .ARM.Collect$$libshutdown$$00000004  c_w.l(libshutdown2.o)
    0x0000032a   0x0000032a   0x00000000   Code   RO          546    .ARM.Collect$$libshutdown$$00000007  c_w.l(libshutdown2.o)
    0x0000032a   0x0000032a   0x00000000   Code   RO          549    .ARM.Collect$$libshutdown$$0000000A  c_w.l(libshutdown2.o)
    0x0000032a   0x0000032a   0x00000000   Code   RO          551    .ARM.Collect$$libshutdown$$0000000C  c_w.l(libshutdown2.o)
    0x0000032a   0x0000032a   0x00000000   Code   RO          554    .ARM.Collect$$libshutdown$$0000000F  c_w.l(libshutdown2.o)
    0x0000032a   0x0000032a   0x00000002   Code   RO          555    .ARM.Collect$$libshutdown$$00000010  c_w.l(libshutdown2.o)
    0x0000032c   0x0000032c   0x00000000   Code   RO          427    .ARM.Collect$$rtentry$$00000000  c_w.l(__rtentry.o)
    0x0000032c   0x0000032c   0x00000000   Code   RO          429    .ARM.Collect$$rtentry$$00000002  c_w.l(__rtentry2.o)
    0x0000032c   0x0000032c   0x00000006   Code   RO          441    .ARM.Collect$$rtentry$$00000004  c_w.l(__rtentry4.o)
    0x00000332   0x00000332   0x00000000   Code   RO          431    .ARM.Collect$$rtentry$$00000009  c_w.l(__rtentry2.o)
    0x00000332   0x00000332   0x00000004   Code   RO          432    .ARM.Collect$$rtentry$$0000000A  c_w.l(__rtentry2.o)
    0x00000336   0x00000336   0x00000000   Code   RO          434    .ARM.Collect$$rtentry$$0000000C  c_w.l(__rtentry2.o)
    0x00000336   0x00000336   0x00000008   Code   RO          435    .ARM.Collect$$rtentry$$0000000D  c_w.l(__rtentry2.o)
    0x0000033e   0x0000033e   0x00000002   Code   RO          456    .ARM.Collect$$rtexit$$00000000  c_w.l(rtexit.o)
    0x00000340   0x00000340   0x00000000   Code   RO          506    .ARM.Collect$$rtexit$$00000002  c_w.l(rtexit2.o)
    0x00000340   0x00000340   0x00000004   Code   RO          507    .ARM.Collect$$rtexit$$00000003  c_w.l(rtexit2.o)
    0x00000344   0x00000344   0x00000006   Code   RO          508    .ARM.Collect$$rtexit$$00000004  c_w.l(rtexit2.o)
    0x0000034a   0x0000034a   0x00000002   PAD
    0x0000034c   0x0000034c   0x00000030   Code   RO            4    .text               startup.o
    0x0000037c   0x0000037c   0x0000004c   Code   RO          287    .text               busywait.o
    0x000003c8   0x000003c8   0x00000006   Code   RO          423    .text               c_w.l(heapauxi.o)
    0x000003ce   0x000003ce   0x0000004a   Code   RO          443    .text               c_w.l(sys_stackheap_outer.o)
    0x00000418   0x00000418   0x00000012   Code   RO          445    .text               c_w.l(exit.o)
    0x0000042a   0x0000042a   0x00000002   PAD
    0x0000042c   0x0000042c   0x00000008   Code   RO          453    .text               c_w.l(libspace.o)
    0x00000434   0x00000434   0x0000000c   Code   RO          516    .text               c_w.l(sys_exit.o)
    0x00000440   0x00000440   0x00000002   Code   RO          531    .text               c_w.l(use_no_semi.o)
    0x00000442   0x00000442   0x00000000   Code   RO          533    .text               c_w.l(indicate_semi.o)
    0x00000442   0x00000442   0x00000002   PAD
    0x00000444   0x00000444   0x000000fc   Code   RO          117    .text.ADC1_Init     texas.o
    0x00000540   0x00000540   0x00000046   Code   RO          133    .text.ADC_In        adc.o
    0x00000586   0x00000586   0x00000002   PAD
    0x00000588   0x00000588   0x00000046   Code   RO          353    .text.Beam_Move     player.o
    0x000005ce   0x000005ce   0x00000002   PAD
    0x000005d0   0x000005d0   0x00000058   Code   RO          375    .text.Calculate_Enemy_Points  enemy.o
    0x00000628   0x00000628   0x00000014   Code   RO          345    .text.Convert       player.o
    0x0000063c   0x0000063c   0x00000014   Code   RO          144    .text.DAC_Out       dac.o
    0x00000650   0x00000650   0x00000032   Code   RO           47    .text.Delay100ms    spaceinvaders.o
    0x00000682   0x00000682   0x00000002   PAD
    0x00000684   0x00000684   0x0000002e   Code   RO          165    .text.Delay1ms      st7735.o
    0x000006b2   0x000006b2   0x00000002   PAD
    0x000006b4   0x000006b4   0x0000004c   Code   RO          371    .text.Enemies_AnyAlive  enemy.o
    0x00000700   0x00000700   0x000000f2   Code   RO          377    .text.Enemies_Check_Collisions  enemy.o
    0x000007f2   0x000007f2   0x00000002   PAD
    0x000007f4   0x000007f4   0x0000006a   Code   RO          373    .text.Enemies_Move  enemy.o
    0x0000085e   0x0000085e   0x00000002   PAD
    0x00000860   0x00000860   0x00000028   Code   RO           59    .text.GPIOPortE_Handler  spaceinvaders.o
    0x00000888   0x00000888   0x00000082   Code   RO           55    .text.GameMove      spaceinvaders.o
    0x0000090a   0x0000090a   0x00000002   PAD
    0x0000090c   0x0000090c   0x0000001c   Code   RO           93    .text.LogicAnalyzerA  texas.o
    0x00000928   0x00000928   0x0000001a   Code   RO           95    .text.LogicAnalyzerB  texas.o
    0x00000942   0x00000942   0x00000002   PAD
    0x00000944   0x00000944   0x0000001c   Code   RO           97    .text.LogicAnalyzerC  texas.o
    0x00000960   0x00000960   0x0000001a   Code   RO           99    .text.LogicAnalyzerE  texas.o
    0x0000097a   0x0000097a   0x00000002   PAD
    0x0000097c   0x0000097c   0x0000001a   Code   RO          101    .text.LogicAnalyzerF  texas.o
    0x00000996   0x00000996   0x00000002   PAD
    0x00000998   0x00000998   0x00000010   Code   RO          245    .text.Output_Init   st7735.o
    0x000009a8   0x000009a8   0x0000008a   Code   RO          153    .text.PLL_Init      pll.o
    0x00000a32   0x00000a32   0x00000002   PAD
    0x00000a34   0x00000a34   0x000000e8   Code   RO          103    .text.PeriodicTask2_Init  texas.o
    0x00000b1c   0x00000b1c   0x00000042   Code   RO          349    .text.Player_Move   player.o
    0x00000b5e   0x00000b5e   0x00000002   PAD
    0x00000b60   0x00000b60   0x0000002c   Code   RO          351    .text.Player_Shoot  player.o
    0x00000b8c   0x00000b8c   0x00000044   Code   RO           37    .text.PortE_Init    spaceinvaders.o
    0x00000bd0   0x00000bd0   0x000001b4   Code   RO          203    .text.ST7735_DrawCharS  st7735.o
    0x00000d84   0x00000d84   0x00000070   Code   RO          179    .text.ST7735_DrawPixel  st7735.o
    0x00000df4   0x00000df4   0x0000009a   Code   RO          207    .text.ST7735_DrawString  st7735.o
    0x00000e8e   0x00000e8e   0x00000002   PAD
    0x00000e90   0x00000e90   0x0000013e   Code   RO          189    .text.ST7735_FillRect  st7735.o
    0x00000fce   0x00000fce   0x00000002   PAD
    0x00000fd0   0x00000fd0   0x00000034   Code   RO          173    .text.ST7735_FillScreen  st7735.o
    0x00001004   0x00001004   0x000000a6   Code   RO          175    .text.ST7735_InitR  st7735.o
    0x000010aa   0x000010aa   0x00000002   PAD
    0x000010ac   0x000010ac   0x0000010e   Code   RO          233    .text.ST7735_OutChar  st7735.o
    0x000011ba   0x000011ba   0x00000002   PAD
    0x000011bc   0x000011bc   0x00000024   Code   RO          235    .text.ST7735_OutString  st7735.o
    0x000011e0   0x000011e0   0x00000036   Code   RO          171    .text.ST7735_SetCursor  st7735.o
    0x00001216   0x00001216   0x00000002   PAD
    0x00001218   0x00001218   0x00000018   Code   RO           91    .text.Scope         texas.o
    0x00001230   0x00001230   0x0000002e   Code   RO          334    .text.Sprite_Move   sprite.o
    0x0000125e   0x0000125e   0x00000002   PAD
    0x00001260   0x00001260   0x00000072   Code   RO          336    .text.Sprite_Overlap  sprite.o
    0x000012d2   0x000012d2   0x00000002   PAD
    0x000012d4   0x000012d4   0x00000088   Code   RO          367    .text.Switch_Dir    enemy.o
    0x0000135c   0x0000135c   0x0000002e   Code   RO          411    .text.SysTick_Init  delay.o
    0x0000138a   0x0000138a   0x00000002   PAD
    0x0000138c   0x0000138c   0x0000002e   Code   RO          413    .text.SysTick_Wait  delay.o
    0x000013ba   0x000013ba   0x00000002   PAD
    0x000013bc   0x000013bc   0x00000168   Code   RO          119    .text.TExaS_Init    texas.o
    0x00001524   0x00001524   0x00000036   Code   RO           57    .text.Timer1A_Handler  spaceinvaders.o
    0x0000155a   0x0000155a   0x00000002   PAD
    0x0000155c   0x0000155c   0x0000005a   Code   RO          302    .text.Timer2A_Handler  wave.o
    0x000015b6   0x000015b6   0x00000002   PAD
    0x000015b8   0x000015b8   0x00000010   Code   RO          296    .text.Timer2A_Start  wave.o
    0x000015c8   0x000015c8   0x0000001c   Code   RO          105    .text.Timer5A_Handler  texas.o
    0x000015e4   0x000015e4   0x000000a0   Code   RO          109    .text.UART0_Init    texas.o
    0x00001684   0x00001684   0x00000086   Code   RO          369    .text.Update_Crit_Enemies  enemy.o
    0x0000170a   0x0000170a   0x00000002   PAD
    0x0000170c   0x0000170c   0x00000014   Code   RO          306    .text.Wave_Shoot    wave.o
    0x00001720   0x00001720   0x00000038   Code   RO          304    .text.Wave_Start    wave.o
    0x00001758   0x00001758   0x00000010   Code   RO          298    .text.Wave_Stop     wave.o
    0x00001768   0x00001768   0x000000aa   Code   RO          177    .text.commandList   st7735.o
    0x00001812   0x00001812   0x00000002   PAD
    0x00001814   0x00001814   0x000001a2   Code   RO          169    .text.commonInit    st7735.o
    0x000019b6   0x000019b6   0x00000002   PAD
    0x000019b8   0x000019b8   0x00000028   Code   RO           53    .text.display_intro  spaceinvaders.o
    0x000019e0   0x000019e0   0x00000056   Code   RO           49    .text.display_title  spaceinvaders.o
    0x00001a36   0x00001a36   0x00000002   PAD
    0x00001a38   0x00001a38   0x0000009c   Code   RO           45    .text.main          spaceinvaders.o
    0x00001ad4   0x00001ad4   0x0000001c   Code   RO          183    .text.pushColor     st7735.o
    0x00001af0   0x00001af0   0x00000094   Code   RO          181    .text.setAddrWindow  st7735.o
    0x00001b84   0x00001b84   0x0000007a   Code   RO           51    .text.switch_lang   spaceinvaders.o
    0x00001bfe   0x00001bfe   0x00000002   PAD
    0x00001c00   0x00001c00   0x0000002c   Code   RO          161    .text.writecommand  st7735.o
    0x00001c2c   0x00001c2c   0x0000002c   Code   RO          163    .text.writedata     st7735.o
    0x00001c58   0x00001c58   0x000004fb   Data   RO          270    .rodata.Font        st7735.o
    0x00002153   0x00002153   0x00000008   Data   RO           64    .rodata.Goodbye_English  spaceinvaders.o
    0x0000215b   0x0000215b   0x00000006   Data   RO           65    .rodata.Goodbye_Spanish  spaceinvaders.o
    0x00002161   0x00002161   0x00000006   Data   RO           62    .rodata.Hello_English  spaceinvaders.o
    0x00002167   0x00002167   0x00000007   Data   RO           63    .rodata.Hello_Spanish  spaceinvaders.o
    0x0000216e   0x0000216e   0x0000008f   Data   RO           68    .rodata.Intro_English  spaceinvaders.o
    0x000021fd   0x000021fd   0x000000a8   Data   RO           69    .rodata.Intro_Spanish  spaceinvaders.o
    0x000022a5   0x000022a5   0x00000008   Data   RO           66    .rodata.Language_English  spaceinvaders.o
    0x000022ad   0x000022ad   0x00000008   Data   RO           67    .rodata.Language_Spanish  spaceinvaders.o
    0x000022b5   0x000022b5   0x0000003b   Data   RO          259    .rodata.Rcmd1       st7735.o
    0x000022f0   0x000022f0   0x0000000d   Data   RO          260    .rodata.Rcmd2green  st7735.o
    0x000022fd   0x000022fd   0x0000000d   Data   RO          263    .rodata.Rcmd2red    st7735.o
    0x0000230a   0x0000230a   0x0000002b   Data   RO          264    .rodata.Rcmd3       st7735.o
    0x00002335   0x00002335   0x00000001   PAD
    0x00002336   0x00002336   0x00000140   Data   RO          392    .rodata.SmallEnemy10pointA  images.o
    0x00002476   0x00002476   0x00000140   Data   RO          394    .rodata.SmallEnemy20pointA  images.o
    0x000025b6   0x000025b6   0x00000140   Data   RO          396    .rodata.SmallEnemy30pointA  images.o
    0x000026f6   0x000026f6   0x00000ff0   Data   RO          317    .rodata.shoot       wave.o
    0x000036e6   0x000036e6   0x00000016   Data   RO          279    .rodata.str1.1      st7735.o
    0x000036fc   0x000036fc   0x00000020   Data   RO          589    Region$$Table       anon$$obj.o


    Execution Region ER_RW (Exec base: 0x20000000, Load base: 0x0000371c, Size: 0x00000030, Max: 0xffffffff, ABSOLUTE)

    Exec Addr    Load Addr    Size         Type   Attr      Idx    E Section Name        Object

    0x20000000   0x0000371c   0x00000020   Data   RW           76    .data.Phrases       spaceinvaders.o
    0x20000020   0x0000373c   0x00000002   Data   RW          257    .data.StTextColor   st7735.o
    0x20000022   0x0000373e   0x00000002   Data   RW          267    .data._height       st7735.o
    0x20000024   0x00003740   0x00000002   Data   RW          266    .data._width        st7735.o
    0x20000026   0x00003742   0x00000002   PAD
    0x20000028   0x00003744   0x00000004   Data   RW          383    .data.crit_L        enemy.o
    0x2000002c   0x00003748   0x00000004   Data   RW          382    .data.crit_R        enemy.o


    Execution Region ER_ZI (Exec base: 0x20000030, Load base: 0x0000374c, Size: 0x00000748, Max: 0xffffffff, ABSOLUTE)

    Exec Addr    Load Addr    Size         Type   Attr      Idx    E Section Name        Object

    0x20000030        -       0x00000060   Zero   RW          454    .bss                c_w.l(libspace.o)
    0x20000090        -       0x00000028   Zero   RW          356    .bss.Beam           player.o
    0x200000b8        -       0x00000001   Zero   RW          261    .bss.ColStart       st7735.o
    0x200000b9   0x0000374c   0x00000003   PAD
    0x200000bc        -       0x00000258   Zero   RW          381    .bss.Enemies        enemy.o
    0x20000314        -       0x00000004   Zero   RW           80    .bss.GameFlag       spaceinvaders.o
    0x20000318        -       0x00000001   Zero   RW           77    .bss.GameLost       spaceinvaders.o
    0x20000319        -       0x00000001   Zero   RW           78    .bss.GameWon        spaceinvaders.o
    0x2000031a   0x0000374c   0x00000002   PAD
    0x2000031c        -       0x00000004   Zero   RW          123    .bss.PeriodicTask2  texas.o
    0x20000320        -       0x00000028   Zero   RW          355    .bss.Player         player.o
    0x20000348        -       0x00000004   Zero   RW           79    .bss.Player_Pts     spaceinvaders.o
    0x2000034c        -       0x00000004   Zero   RW          357    .bss.Player_old_pos  player.o
    0x20000350        -       0x00000001   Zero   RW          262    .bss.RowStart       st7735.o
    0x20000351   0x0000374c   0x00000003   PAD
    0x20000354        -       0x00000004   Zero   RW          255    .bss.StX            st7735.o
    0x20000358        -       0x00000004   Zero   RW          256    .bss.StY            st7735.o
    0x2000035c        -       0x00000001   Zero   RW          265    .bss.TabColor       st7735.o
    0x2000035d   0x0000374c   0x00000003   PAD
    0x20000360        -       0x00000004   Zero   RW          314    .bss.index          wave.o
    0x20000364        -       0x00000001   Zero   RW           61    .bss.myLanguage     spaceinvaders.o
    0x20000365   0x0000374c   0x00000003   PAD
    0x20000368        -       0x00000004   Zero   RW          315    .bss.tableSize      wave.o
    0x2000036c        -       0x00000004   Zero   RW           82    .bss.update_pts     spaceinvaders.o
    0x20000370        -       0x00000004   Zero   RW          316    .bss.waveTable      wave.o
    0x20000374   0x0000374c   0x00000004   PAD
    0x20000378        -       0x00000000   Zero   RW            2    HEAP                startup.o
    0x20000378        -       0x00000400   Zero   RW            1    STACK               startup.o


==============================================================================

Image component sizes


      Code (inc. data)   RO Data    RW Data    ZI Data      Debug   Object Name

        70          0          0          0          0        837   adc.o
        76          2          0          0          0        288   busywait.o
        20          0          0          0          0        730   dac.o
        92          0          0          0          0        733   delay.o
       782          0          0          8        600       2732   enemy.o
         0          0        960          0          0        889   images.o
       200          0          0          0         84       1631   player.o
       138          0          0          0          0        643   pll.o
       746          0        354         32         15       4157   spaceinvaders.o
       160          0          0          0          0       1597   sprite.o
      2512          0       1425          6         11      12730   st7735.o
       692        632          0          0       1024       1036   startup.o
      1190          0          0          0          4       2917   texas.o
       198          0       4080          0         12       2151   wave.o

    ----------------------------------------------------------------------
      6932        634       6852         48       1768      33071   Object Totals
         0          0         32          0          0          0   (incl. Generated)
        56          0          1          2         18          0   (incl. Padding)

    ----------------------------------------------------------------------

      Code (inc. data)   RO Data    RW Data    ZI Data      Debug   Library Member Name

         8          0          0          0          0         68   __main.o
         0          0          0          0          0          0   __rtentry.o
        12          0          0          0          0          0   __rtentry2.o
         6          0          0          0          0          0   __rtentry4.o
        94          8          0          0          0          0   __scatter.o
        26          0          0          0          0          0   __scatter_copy.o
        28          0          0          0          0          0   __scatter_zi.o
        18          0          0          0          0         80   exit.o
         6          0          0          0          0        152   heapauxi.o
         0          0          0          0          0          0   indicate_semi.o
         2          0          0          0          0          0   libinit.o
         2          0          0          0          0          0   libinit2.o
         2          0          0          0          0          0   libshutdown.o
         2          0          0          0          0          0   libshutdown2.o
         8          4          0          0         96         68   libspace.o
         2          0          0          0          0          0   rtexit.o
        10          0          0          0          0          0   rtexit2.o
        12          4          0          0          0         68   sys_exit.o
        74          0          0          0          0         80   sys_stackheap_outer.o
         2          0          0          0          0         68   use_no_semi.o

    ----------------------------------------------------------------------
       324         16          0          0         96        584   Library Totals
        10          0          0          0          0          0   (incl. Padding)

    ----------------------------------------------------------------------

      Code (inc. data)   RO Data    RW Data    ZI Data      Debug   Library Name

       314         16          0          0         96        584   c_w.l

    ----------------------------------------------------------------------
       324         16          0          0         96        584   Library Totals

    ----------------------------------------------------------------------

==============================================================================


      Code (inc. data)   RO Data    RW Data    ZI Data      Debug   

      7256        650       6852         48       1864      33415   Grand Totals
      7256        650       6852         48       1864      33415   ELF Image Totals
      7256        650       6852         48          0          0   ROM Totals

==============================================================================

    Total RO  Size (Code + RO Data)                14108 (  13.78kB)
    Total RW  Size (RW Data + ZI Data)              1912 (   1.87kB)
    Total ROM Size (Code + RO Data + RW Data)      14156 (  13.82kB)

==============================================================================

