<html>
<body>
<pre>
<h1>µVision Build Log</h1>
<h2>Tool Versions:</h2>
IDE-Version: µVision V5.41.0.0
Copyright (C) 2024 ARM Ltd and ARM Germany GmbH. All rights reserved.
License Information: Grant Wu, None, LIC=----
 
Tool Versions:
Toolchain:       MDK-Lite  Version: 5.41.0.0
Toolchain Path:  C:\Users\Grant Wu\AppData\Local\Keil_v5\ARM\ARMCLANG\Bin
C Compiler:      ArmClang.exe V6.22
Assembler:       Armasm.exe V6.22
Linker/Locator:  ArmLink.exe V6.22
Library Manager: ArmAr.exe V6.22
Hex Converter:   FromElf.exe V6.22
CPU DLL:         SARMCM3.DLL V5.41.0.0
Dialog DLL:      DCM.DLL V1.17.5.0
Target DLL:      lmidk-agdi.dll V???
Dialog DLL:      TCM.DLL V1.56.4.0
 
<h2>Project:</h2>
C:\Users\Grant Wu\AppData\Local\Keil_v5\EE319KwareSpring2023 (working)\Lab10_EE319K\SpaceInvaders.uvprojx
Project File Date:  03/13/2025

<h2>Output:</h2>
*** Using Compiler 'V6.22', folder: 'C:\Users\Grant Wu\AppData\Local\Keil_v5\ARM\ARMCLANG\Bin'
Rebuild target 'SpaceInvaders'
assembling startup.s...
assembling StringConversion.s...
compiling TExaS.c...
compiling Timer0.c...
compiling DAC.c...
assembling random.s...
compiling Timer1.c...
assembling BusyWait.s...
compiling player.c...
compiling sprite.c...
compiling images.c...
compiling PLL.c...
compiling enemy.c...
compiling ADC.c...
compiling ST7735.c...
compiling delay.c...
compiling wave.c...
SpaceInvaders.c(112): warning: passing 'const char[10]' to parameter of type 'char *' discards qualifiers [-Wincompatible-pointer-types-discards-qualifiers]
  112 |                         ST7735_OutString(Game_Lost_English);
      |                                          ^~~~~~~~~~~~~~~~~
.\../inc/ST7735.h(490): note: passing argument to parameter 'ptr' here
  490 | void ST7735_OutString(char *ptr);
      |                             ^
SpaceInvaders.c(115): warning: passing 'const char[9]' to parameter of type 'char *' discards qualifiers [-Wincompatible-pointer-types-discards-qualifiers]
  115 |                         ST7735_OutString(Game_Won_English);
      |                                          ^~~~~~~~~~~~~~~~
.\../inc/ST7735.h(490): note: passing argument to parameter 'ptr' here
  490 | void ST7735_OutString(char *ptr);
      |                             ^
SpaceInvaders.c(157): warning: passing 'const char[8]' to parameter of type 'char *' discards qualifiers [-Wincompatible-pointer-types-discards-qualifiers]
  157 |         ST7735_OutString(Points_English);
      |                          ^~~~~~~~~~~~~~
.\../inc/ST7735.h(490): note: passing argument to parameter 'ptr' here
  490 | void ST7735_OutString(char *ptr);
      |                             ^
SpaceInvaders.c(198): warning: passing 'const char[8]' to parameter of type 'char *' discards qualifiers [-Wincompatible-pointer-types-discards-qualifiers]
  198 |                 ST7735_OutString(Points_English);
      |                                  ^~~~~~~~~~~~~~
.\../inc/ST7735.h(490): note: passing argument to parameter 'ptr' here
  490 | void ST7735_OutString(char *ptr);
      |                             ^
4 warnings generated.
compiling SpaceInvaders.c...
linking...
Program Size: Code=7256 RO-data=6852 RW-data=48 ZI-data=1864  
".\SpaceInvaders.axf" - 0 Error(s), 4 Warning(s).

<h2>Software Packages used:</h2>

Package Vendor: ARM
                https://www.keil.com/pack/ARM.CMSIS.6.1.0.pack
                ARM::CMSIS@6.1.0
                CMSIS (Common Microcontroller Software Interface Standard)
   * Component: CORE Version: 6.1.0

Package Vendor: Keil
                http://www.keil.com/pack/Keil.TM4C_DFP.1.1.0.pack
                Keil::TM4C_DFP@1.1.0
                Texas Instruments Tiva C Series Device Support and Examples

<h2>Collection of Component include folders:</h2>
  ./RTE/_SpaceInvaders
  C:/Users/Grant Wu/AppData/Local/Arm/Packs/ARM/CMSIS/6.1.0/CMSIS/Core/Include
  C:/Users/Grant Wu/AppData/Local/Arm/Packs/Keil/TM4C_DFP/1.1.0/Device/Include/TM4C123

<h2>Collection of Component Files used:</h2>

   * Component: ARM::CMSIS:CORE@6.1.0
Build Time Elapsed:  00:00:02
</pre>
</body>
</html>
